apps/nextblock/app/(auth-pages)/forgot-password/page.tsx(7,23): error TS6305: Output file 'D:/Websites/nextblock-monorepo/dist/out-tsc/libs/ui/src/index.d.ts' has not been built from source file 'D:/Websites/nextblock-monorepo/libs/ui/src/index.ts'.
apps/nextblock/app/(auth-pages)/forgot-password/page.tsx(8,23): error TS6305: Output file 'D:/Websites/nextblock-monorepo/dist/out-tsc/libs/ui/src/index.d.ts' has not been built from source file 'D:/Websites/nextblock-monorepo/libs/ui/src/index.ts'.
apps/nextblock/app/(auth-pages)/forgot-password/page.tsx(10,33): error TS6305: Output file 'D:/Websites/nextblock-monorepo/libs/utils/src/index.d.ts' has not been built from source file 'D:/Websites/nextblock-monorepo/libs/utils/src/index.ts'.
apps/nextblock/app/(auth-pages)/sign-in/page.tsx(6,23): error TS6305: Output file 'D:/Websites/nextblock-monorepo/dist/out-tsc/libs/ui/src/index.d.ts' has not been built from source file 'D:/Websites/nextblock-monorepo/libs/ui/src/index.ts'.
apps/nextblock/app/(auth-pages)/sign-in/page.tsx(7,23): error TS6305: Output file 'D:/Websites/nextblock-monorepo/dist/out-tsc/libs/ui/src/index.d.ts' has not been built from source file 'D:/Websites/nextblock-monorepo/libs/ui/src/index.ts'.
apps/nextblock/app/(auth-pages)/sign-in/page.tsx(9,33): error TS6305: Output file 'D:/Websites/nextblock-monorepo/libs/utils/src/index.d.ts' has not been built from source file 'D:/Websites/nextblock-monorepo/libs/utils/src/index.ts'.
apps/nextblock/app/(auth-pages)/sign-up/page.tsx(6,23): error TS6305: Output file 'D:/Websites/nextblock-monorepo/dist/out-tsc/libs/ui/src/index.d.ts' has not been built from source file 'D:/Websites/nextblock-monorepo/libs/ui/src/index.ts'.
apps/nextblock/app/(auth-pages)/sign-up/page.tsx(7,23): error TS6305: Output file 'D:/Websites/nextblock-monorepo/dist/out-tsc/libs/ui/src/index.d.ts' has not been built from source file 'D:/Websites/nextblock-monorepo/libs/ui/src/index.ts'.
apps/nextblock/app/(auth-pages)/sign-up/page.tsx(9,33): error TS6305: Output file 'D:/Websites/nextblock-monorepo/libs/utils/src/index.d.ts' has not been built from source file 'D:/Websites/nextblock-monorepo/libs/utils/src/index.ts'.
apps/nextblock/app/[slug]/page.tsx(3,38): error TS6305: Output file 'D:/Websites/nextblock-monorepo/dist/out-tsc/libs/db/src/server.d.ts' has not been built from source file 'D:/Websites/nextblock-monorepo/libs/db/src/server.ts'.
apps/nextblock/app/[slug]/page.tsx(42,21): error TS7006: Parameter 'page' implicitly has an 'any' type.
apps/nextblock/app/[slug]/page.tsx(89,30): error TS7006: Parameter 'pt' implicitly has an 'any' type.
apps/nextblock/app/[slug]/page.tsx(90,39): error TS7006: Parameter 'l' implicitly has an 'any' type.
apps/nextblock/app/[slug]/page.utils.ts(2,38): error TS6305: Output file 'D:/Websites/nextblock-monorepo/dist/out-tsc/libs/db/src/server.d.ts' has not been built from source file 'D:/Websites/nextblock-monorepo/libs/db/src/server.ts'.
apps/nextblock/app/[slug]/page.utils.ts(3,31): error TS6305: Output file 'D:/Websites/nextblock-monorepo/dist/out-tsc/libs/db/src/index.d.ts' has not been built from source file 'D:/Websites/nextblock-monorepo/libs/db/src/index.ts'.
apps/nextblock/app/[slug]/page.utils.ts(129,29): error TS2339: Property 'language_id' does not exist on type 'SelectedPageType'.
apps/nextblock/app/[slug]/page.utils.ts(133,36): error TS2339: Property 'language_id' does not exist on type 'SelectedPageType'.
apps/nextblock/app/[slug]/page.utils.ts(182,49): error TS7006: Parameter 'm' implicitly has an 'any' type.
apps/nextblock/app/[slug]/page.utils.ts(189,81): error TS2339: Property 'object_key' does not exist on type '{}'.
apps/nextblock/app/[slug]/page.utils.ts(189,118): error TS2339: Property 'blur_data_url' does not exist on type '{}'.
apps/nextblock/app/[slug]/page.utils.ts(204,45): error TS2339: Property 'object_key' does not exist on type '{}'.
apps/nextblock/app/[slug]/page.utils.ts(205,48): error TS2339: Property 'blur_data_url' does not exist on type '{}'.
apps/nextblock/app/[slug]/page.utils.ts(228,40): error TS2339: Property 'translation_group_id' does not exist on type 'SelectedPageType'.
apps/nextblock/app/[slug]/PageClientContent.tsx(6,31): error TS6305: Output file 'D:/Websites/nextblock-monorepo/dist/out-tsc/libs/db/src/index.d.ts' has not been built from source file 'D:/Websites/nextblock-monorepo/libs/db/src/index.ts'.
apps/nextblock/app/[slug]/PageClientContent.tsx(10,30): error TS6305: Output file 'D:/Websites/nextblock-monorepo/dist/out-tsc/libs/db/src/index.d.ts' has not been built from source file 'D:/Websites/nextblock-monorepo/libs/db/src/index.ts'.
apps/nextblock/app/actions.ts(3,33): error TS6305: Output file 'D:/Websites/nextblock-monorepo/libs/utils/src/server.d.ts' has not been built from source file 'D:/Websites/nextblock-monorepo/libs/utils/src/server.ts'.
apps/nextblock/app/actions.ts(4,30): error TS6305: Output file 'D:/Websites/nextblock-monorepo/dist/out-tsc/libs/db/src/server.d.ts' has not been built from source file 'D:/Websites/nextblock-monorepo/libs/db/src/server.ts'.
apps/nextblock/app/actions/email.ts(3,38): error TS6305: Output file 'D:/Websites/nextblock-monorepo/libs/utils/src/server.d.ts' has not been built from source file 'D:/Websites/nextblock-monorepo/libs/utils/src/server.ts'.
apps/nextblock/app/actions/languageActions.ts(3,30): error TS6305: Output file 'D:/Websites/nextblock-monorepo/dist/out-tsc/libs/db/src/index.d.ts' has not been built from source file 'D:/Websites/nextblock-monorepo/libs/db/src/index.ts'.
apps/nextblock/app/actions/postActions.ts(4,30): error TS6305: Output file 'D:/Websites/nextblock-monorepo/dist/out-tsc/libs/db/src/server.d.ts' has not been built from source file 'D:/Websites/nextblock-monorepo/libs/db/src/server.ts'.
apps/nextblock/app/api/process-image/route.ts(3,29): error TS6305: Output file 'D:/Websites/nextblock-monorepo/libs/utils/src/server.d.ts' has not been built from source file 'D:/Websites/nextblock-monorepo/libs/utils/src/server.ts'.
apps/nextblock/app/api/upload/presigned-url/route.ts(3,30): error TS6305: Output file 'D:/Websites/nextblock-monorepo/dist/out-tsc/libs/db/src/server.d.ts' has not been built from source file 'D:/Websites/nextblock-monorepo/libs/db/src/server.ts'.
apps/nextblock/app/api/upload/presigned-url/route.ts(4,29): error TS6305: Output file 'D:/Websites/nextblock-monorepo/libs/utils/src/server.d.ts' has not been built from source file 'D:/Websites/nextblock-monorepo/libs/utils/src/server.ts'.
apps/nextblock/app/api/upload/proxy/route.ts(3,30): error TS6305: Output file 'D:/Websites/nextblock-monorepo/dist/out-tsc/libs/db/src/server.d.ts' has not been built from source file 'D:/Websites/nextblock-monorepo/libs/db/src/server.ts'.
apps/nextblock/app/api/upload/proxy/route.ts(4,29): error TS6305: Output file 'D:/Websites/nextblock-monorepo/libs/utils/src/server.d.ts' has not been built from source file 'D:/Websites/nextblock-monorepo/libs/utils/src/server.ts'.
apps/nextblock/app/article/[slug]/page.tsx(12,38): error TS6305: Output file 'D:/Websites/nextblock-monorepo/dist/out-tsc/libs/db/src/index.d.ts' has not been built from source file 'D:/Websites/nextblock-monorepo/libs/db/src/index.ts'.
apps/nextblock/app/article/[slug]/page.tsx(94,30): error TS7006: Parameter 'pt' implicitly has an 'any' type.
apps/nextblock/app/article/[slug]/page.tsx(95,39): error TS7006: Parameter 'l' implicitly has an 'any' type.
apps/nextblock/app/article/[slug]/page.tsx(161,51): error TS7006: Parameter 'block' implicitly has an 'any' type.
apps/nextblock/app/article/[slug]/page.utils.ts(2,30): error TS6305: Output file 'D:/Websites/nextblock-monorepo/dist/out-tsc/libs/db/src/server.d.ts' has not been built from source file 'D:/Websites/nextblock-monorepo/libs/db/src/server.ts'.
apps/nextblock/app/article/[slug]/page.utils.ts(3,31): error TS6305: Output file 'D:/Websites/nextblock-monorepo/dist/out-tsc/libs/db/src/index.d.ts' has not been built from source file 'D:/Websites/nextblock-monorepo/libs/db/src/index.ts'.
apps/nextblock/app/article/[slug]/page.utils.ts(97,49): error TS7006: Parameter 'm' implicitly has an 'any' type.
apps/nextblock/app/article/[slug]/page.utils.ts(104,81): error TS2339: Property 'object_key' does not exist on type '{}'.
apps/nextblock/app/article/[slug]/page.utils.ts(104,118): error TS2339: Property 'blur_data_url' does not exist on type '{}'.
apps/nextblock/app/article/[slug]/page.utils.ts(119,45): error TS2339: Property 'object_key' does not exist on type '{}'.
apps/nextblock/app/article/[slug]/page.utils.ts(120,48): error TS2339: Property 'blur_data_url' does not exist on type '{}'.
apps/nextblock/app/article/[slug]/PostClientContent.tsx(7,31): error TS6305: Output file 'D:/Websites/nextblock-monorepo/dist/out-tsc/libs/db/src/index.d.ts' has not been built from source file 'D:/Websites/nextblock-monorepo/libs/db/src/index.ts'.
apps/nextblock/app/auth/callback/route.ts(1,60): error TS6305: Output file 'D:/Websites/nextblock-monorepo/dist/out-tsc/libs/db/src/server.d.ts' has not been built from source file 'D:/Websites/nextblock-monorepo/libs/db/src/server.ts'.
apps/nextblock/app/auth/callback/route.ts(3,31): error TS6305: Output file 'D:/Websites/nextblock-monorepo/dist/out-tsc/libs/db/src/index.d.ts' has not been built from source file 'D:/Websites/nextblock-monorepo/libs/db/src/index.ts'.
apps/nextblock/app/cms/blocks/actions.ts(4,30): error TS6305: Output file 'D:/Websites/nextblock-monorepo/dist/out-tsc/libs/db/src/server.d.ts' has not been built from source file 'D:/Websites/nextblock-monorepo/libs/db/src/server.ts'.
apps/nextblock/app/cms/blocks/actions.ts(6,37): error TS6305: Output file 'D:/Websites/nextblock-monorepo/dist/out-tsc/libs/db/src/index.d.ts' has not been built from source file 'D:/Websites/nextblock-monorepo/libs/db/src/index.ts'.
apps/nextblock/app/cms/blocks/actions.ts(220,35): error TS7006: Parameter 'result' implicitly has an 'any' type.
apps/nextblock/app/cms/blocks/actions.ts(223,66): error TS7006: Parameter 'e' implicitly has an 'any' type.
apps/nextblock/app/cms/blocks/actions.ts(224,75): error TS7006: Parameter 'e' implicitly has an 'any' type.
apps/nextblock/app/cms/blocks/components/BackgroundSelector.tsx(6,111): error TS6305: Output file 'D:/Websites/nextblock-monorepo/dist/out-tsc/libs/ui/src/index.d.ts' has not been built from source file 'D:/Websites/nextblock-monorepo/libs/ui/src/index.ts'.
apps/nextblock/app/cms/blocks/components/BackgroundSelector.tsx(7,52): error TS6305: Output file 'D:/Websites/nextblock-monorepo/dist/out-tsc/libs/ui/src/index.d.ts' has not been built from source file 'D:/Websites/nextblock-monorepo/libs/ui/src/index.ts'.
apps/nextblock/app/cms/blocks/components/BackgroundSelector.tsx(10,20): error TS6305: Output file 'D:/Websites/nextblock-monorepo/libs/utils/src/index.d.ts' has not been built from source file 'D:/Websites/nextblock-monorepo/libs/utils/src/index.ts'.
apps/nextblock/app/cms/blocks/components/BackgroundSelector.tsx(11,31): error TS6305: Output file 'D:/Websites/nextblock-monorepo/dist/out-tsc/libs/db/src/index.d.ts' has not been built from source file 'D:/Websites/nextblock-monorepo/libs/db/src/index.ts'.
apps/nextblock/app/cms/blocks/components/BackgroundSelector.tsx(173,58): error TS7006: Parameter 'v' implicitly has an 'any' type.
apps/nextblock/app/cms/blocks/components/BackgroundSelector.tsx(186,83): error TS7006: Parameter 'e' implicitly has an 'any' type.
apps/nextblock/app/cms/blocks/components/BackgroundSelector.tsx(222,78): error TS7006: Parameter 'v' implicitly has an 'any' type.
apps/nextblock/app/cms/blocks/components/BackgroundSelector.tsx(233,61): error TS7006: Parameter 'v' implicitly has an 'any' type.
apps/nextblock/app/cms/blocks/components/BackgroundSelector.tsx(250,99): error TS7006: Parameter 'c' implicitly has an 'any' type.
apps/nextblock/app/cms/blocks/components/BackgroundSelector.tsx(283,32): error TS7006: Parameter 'color' implicitly has an 'any' type.
apps/nextblock/app/cms/blocks/components/BackgroundSelector.tsx(288,32): error TS7006: Parameter 'color' implicitly has an 'any' type.
apps/nextblock/app/cms/blocks/components/BackgroundSelector.tsx(318,28): error TS7006: Parameter 'color' implicitly has an 'any' type.
apps/nextblock/app/cms/blocks/components/BackgroundSelector.tsx(323,28): error TS7006: Parameter 'color' implicitly has an 'any' type.
apps/nextblock/app/cms/blocks/components/BlockEditorArea.tsx(7,37): error TS6305: Output file 'D:/Websites/nextblock-monorepo/dist/out-tsc/libs/db/src/index.d.ts' has not been built from source file 'D:/Websites/nextblock-monorepo/libs/db/src/index.ts'.
apps/nextblock/app/cms/blocks/components/BlockEditorArea.tsx(12,24): error TS6305: Output file 'D:/Websites/nextblock-monorepo/dist/out-tsc/libs/ui/src/index.d.ts' has not been built from source file 'D:/Websites/nextblock-monorepo/libs/ui/src/index.ts'.
apps/nextblock/app/cms/blocks/components/BlockEditorArea.tsx(21,8): error TS6305: Output file 'D:/Websites/nextblock-monorepo/dist/out-tsc/libs/ui/src/index.d.ts' has not been built from source file 'D:/Websites/nextblock-monorepo/libs/ui/src/index.ts'.
apps/nextblock/app/cms/blocks/components/BlockEditorArea.tsx(502,64): error TS7006: Parameter 'isOpen' implicitly has an 'any' type.
apps/nextblock/app/cms/blocks/components/BlockEditorModal.tsx(4,20): error TS6305: Output file 'D:/Websites/nextblock-monorepo/libs/utils/src/index.d.ts' has not been built from source file 'D:/Websites/nextblock-monorepo/libs/utils/src/index.ts'.
apps/nextblock/app/cms/blocks/components/BlockEditorModal.tsx(12,8): error TS6305: Output file 'D:/Websites/nextblock-monorepo/dist/out-tsc/libs/ui/src/index.d.ts' has not been built from source file 'D:/Websites/nextblock-monorepo/libs/ui/src/index.ts'.
apps/nextblock/app/cms/blocks/components/BlockEditorModal.tsx(13,24): error TS6305: Output file 'D:/Websites/nextblock-monorepo/dist/out-tsc/libs/ui/src/index.d.ts' has not been built from source file 'D:/Websites/nextblock-monorepo/libs/ui/src/index.ts'.
apps/nextblock/app/cms/blocks/components/BlockEditorModal.tsx(62,42): error TS7006: Parameter 'open' implicitly has an 'any' type.
apps/nextblock/app/cms/blocks/components/BlockTypeCard.tsx(3,58): error TS6305: Output file 'D:/Websites/nextblock-monorepo/dist/out-tsc/libs/ui/src/index.d.ts' has not been built from source file 'D:/Websites/nextblock-monorepo/libs/ui/src/index.ts'.
apps/nextblock/app/cms/blocks/components/BlockTypeSelector.tsx(11,8): error TS6305: Output file 'D:/Websites/nextblock-monorepo/dist/out-tsc/libs/ui/src/index.d.ts' has not been built from source file 'D:/Websites/nextblock-monorepo/libs/ui/src/index.ts'.
apps/nextblock/app/cms/blocks/components/ColumnEditor.tsx(5,20): error TS6305: Output file 'D:/Websites/nextblock-monorepo/libs/utils/src/index.d.ts' has not been built from source file 'D:/Websites/nextblock-monorepo/libs/utils/src/index.ts'.
apps/nextblock/app/cms/blocks/components/ColumnEditor.tsx(6,24): error TS6305: Output file 'D:/Websites/nextblock-monorepo/dist/out-tsc/libs/ui/src/index.d.ts' has not been built from source file 'D:/Websites/nextblock-monorepo/libs/ui/src/index.ts'.
apps/nextblock/app/cms/blocks/components/ColumnEditor.tsx(14,36): error TS6305: Output file 'D:/Websites/nextblock-monorepo/dist/out-tsc/libs/ui/src/index.d.ts' has not been built from source file 'D:/Websites/nextblock-monorepo/libs/ui/src/index.ts'.
apps/nextblock/app/cms/blocks/components/ColumnEditor.tsx(173,54): error TS18048: 'blockDef.editorComponentFilename' is possibly 'undefined'.
apps/nextblock/app/cms/blocks/components/DeleteBlockButtonClient.tsx(6,24): error TS6305: Output file 'D:/Websites/nextblock-monorepo/dist/out-tsc/libs/ui/src/index.d.ts' has not been built from source file 'D:/Websites/nextblock-monorepo/libs/ui/src/index.ts'.
apps/nextblock/app/cms/blocks/components/DeleteBlockButtonClient.tsx(7,36): error TS6305: Output file 'D:/Websites/nextblock-monorepo/dist/out-tsc/libs/ui/src/index.d.ts' has not been built from source file 'D:/Websites/nextblock-monorepo/libs/ui/src/index.ts'.
apps/nextblock/app/cms/blocks/components/EditableBlock.tsx(5,31): error TS6305: Output file 'D:/Websites/nextblock-monorepo/dist/out-tsc/libs/db/src/index.d.ts' has not been built from source file 'D:/Websites/nextblock-monorepo/libs/db/src/index.ts'.
apps/nextblock/app/cms/blocks/components/EditableBlock.tsx(9,24): error TS6305: Output file 'D:/Websites/nextblock-monorepo/dist/out-tsc/libs/ui/src/index.d.ts' has not been built from source file 'D:/Websites/nextblock-monorepo/libs/ui/src/index.ts'.
apps/nextblock/app/cms/blocks/components/EditableBlock.tsx(14,20): error TS6305: Output file 'D:/Websites/nextblock-monorepo/libs/utils/src/index.d.ts' has not been built from source file 'D:/Websites/nextblock-monorepo/libs/utils/src/index.ts'.
apps/nextblock/app/cms/blocks/components/EditableBlock.tsx(110,55): error TS7006: Parameter 'e' implicitly has an 'any' type.
apps/nextblock/app/cms/blocks/components/EditableBlock.tsx(141,25): error TS7006: Parameter 'e' implicitly has an 'any' type.
apps/nextblock/app/cms/blocks/components/MediaLibraryModal.tsx(7,24): error TS6305: Output file 'D:/Websites/nextblock-monorepo/dist/out-tsc/libs/ui/src/index.d.ts' has not been built from source file 'D:/Websites/nextblock-monorepo/libs/ui/src/index.ts'.
apps/nextblock/app/cms/blocks/components/MediaLibraryModal.tsx(16,8): error TS6305: Output file 'D:/Websites/nextblock-monorepo/dist/out-tsc/libs/ui/src/index.d.ts' has not been built from source file 'D:/Websites/nextblock-monorepo/libs/ui/src/index.ts'.
apps/nextblock/app/cms/blocks/components/MediaLibraryModal.tsx(17,23): error TS6305: Output file 'D:/Websites/nextblock-monorepo/dist/out-tsc/libs/ui/src/index.d.ts' has not been built from source file 'D:/Websites/nextblock-monorepo/libs/ui/src/index.ts'.
apps/nextblock/app/cms/blocks/components/MediaLibraryModal.tsx(18,31): error TS6305: Output file 'D:/Websites/nextblock-monorepo/dist/out-tsc/libs/db/src/index.d.ts' has not been built from source file 'D:/Websites/nextblock-monorepo/libs/db/src/index.ts'.
apps/nextblock/app/cms/blocks/components/MediaLibraryModal.tsx(19,53): error TS6305: Output file 'D:/Websites/nextblock-monorepo/dist/out-tsc/libs/db/src/index.d.ts' has not been built from source file 'D:/Websites/nextblock-monorepo/libs/db/src/index.ts'.
apps/nextblock/app/cms/blocks/components/MediaLibraryModal.tsx(77,24): error TS7006: Parameter 'e' implicitly has an 'any' type.
apps/nextblock/app/cms/blocks/components/SectionConfigPanel.tsx(4,23): error TS6305: Output file 'D:/Websites/nextblock-monorepo/dist/out-tsc/libs/ui/src/index.d.ts' has not been built from source file 'D:/Websites/nextblock-monorepo/libs/ui/src/index.ts'.
apps/nextblock/app/cms/blocks/components/SectionConfigPanel.tsx(5,79): error TS6305: Output file 'D:/Websites/nextblock-monorepo/dist/out-tsc/libs/ui/src/index.d.ts' has not been built from source file 'D:/Websites/nextblock-monorepo/libs/ui/src/index.ts'.
apps/nextblock/app/cms/blocks/editors/ButtonBlockEditor.tsx(5,23): error TS6305: Output file 'D:/Websites/nextblock-monorepo/dist/out-tsc/libs/ui/src/index.d.ts' has not been built from source file 'D:/Websites/nextblock-monorepo/libs/ui/src/index.ts'.
apps/nextblock/app/cms/blocks/editors/ButtonBlockEditor.tsx(6,23): error TS6305: Output file 'D:/Websites/nextblock-monorepo/dist/out-tsc/libs/ui/src/index.d.ts' has not been built from source file 'D:/Websites/nextblock-monorepo/libs/ui/src/index.ts'.
apps/nextblock/app/cms/blocks/editors/ButtonBlockEditor.tsx(7,79): error TS6305: Output file 'D:/Websites/nextblock-monorepo/dist/out-tsc/libs/ui/src/index.d.ts' has not been built from source file 'D:/Websites/nextblock-monorepo/libs/ui/src/index.ts'.
apps/nextblock/app/cms/blocks/editors/ButtonBlockEditor.tsx(36,22): error TS7006: Parameter 'e' implicitly has an 'any' type.
apps/nextblock/app/cms/blocks/editors/ButtonBlockEditor.tsx(46,22): error TS7006: Parameter 'e' implicitly has an 'any' type.
apps/nextblock/app/cms/blocks/editors/FormBlockEditor.tsx(8,24): error TS6305: Output file 'D:/Websites/nextblock-monorepo/dist/out-tsc/libs/ui/src/index.d.ts' has not been built from source file 'D:/Websites/nextblock-monorepo/libs/ui/src/index.ts'.
apps/nextblock/app/cms/blocks/editors/FormBlockEditor.tsx(9,23): error TS6305: Output file 'D:/Websites/nextblock-monorepo/dist/out-tsc/libs/ui/src/index.d.ts' has not been built from source file 'D:/Websites/nextblock-monorepo/libs/ui/src/index.ts'.
apps/nextblock/app/cms/blocks/editors/FormBlockEditor.tsx(10,23): error TS6305: Output file 'D:/Websites/nextblock-monorepo/dist/out-tsc/libs/ui/src/index.d.ts' has not been built from source file 'D:/Websites/nextblock-monorepo/libs/ui/src/index.ts'.
apps/nextblock/app/cms/blocks/editors/FormBlockEditor.tsx(11,26): error TS6305: Output file 'D:/Websites/nextblock-monorepo/dist/out-tsc/libs/ui/src/index.d.ts' has not been built from source file 'D:/Websites/nextblock-monorepo/libs/ui/src/index.ts'.
apps/nextblock/app/cms/blocks/editors/FormBlockEditor.tsx(12,79): error TS6305: Output file 'D:/Websites/nextblock-monorepo/dist/out-tsc/libs/ui/src/index.d.ts' has not been built from source file 'D:/Websites/nextblock-monorepo/libs/ui/src/index.ts'.
apps/nextblock/app/cms/blocks/editors/FormBlockEditor.tsx(63,64): error TS7006: Parameter 'value' implicitly has an 'any' type.
apps/nextblock/app/cms/blocks/editors/FormBlockEditor.tsx(77,55): error TS7006: Parameter 'e' implicitly has an 'any' type.
apps/nextblock/app/cms/blocks/editors/FormBlockEditor.tsx(82,65): error TS7006: Parameter 'e' implicitly has an 'any' type.
apps/nextblock/app/cms/blocks/editors/FormBlockEditor.tsx(85,102): error TS7006: Parameter 'checked' implicitly has an 'any' type.
apps/nextblock/app/cms/blocks/editors/FormBlockEditor.tsx(93,78): error TS7006: Parameter 'e' implicitly has an 'any' type.
apps/nextblock/app/cms/blocks/editors/FormBlockEditor.tsx(94,78): error TS7006: Parameter 'e' implicitly has an 'any' type.
apps/nextblock/app/cms/blocks/editors/FormBlockEditor.tsx(156,73): error TS7006: Parameter 'e' implicitly has an 'any' type.
apps/nextblock/app/cms/blocks/editors/FormBlockEditor.tsx(161,76): error TS7006: Parameter 'e' implicitly has an 'any' type.
apps/nextblock/app/cms/blocks/editors/FormBlockEditor.tsx(165,73): error TS7006: Parameter 'e' implicitly has an 'any' type.
apps/nextblock/app/cms/blocks/editors/HeadingBlockEditor.tsx(5,23): error TS6305: Output file 'D:/Websites/nextblock-monorepo/dist/out-tsc/libs/ui/src/index.d.ts' has not been built from source file 'D:/Websites/nextblock-monorepo/libs/ui/src/index.ts'.
apps/nextblock/app/cms/blocks/editors/HeadingBlockEditor.tsx(6,23): error TS6305: Output file 'D:/Websites/nextblock-monorepo/dist/out-tsc/libs/ui/src/index.d.ts' has not been built from source file 'D:/Websites/nextblock-monorepo/libs/ui/src/index.ts'.
apps/nextblock/app/cms/blocks/editors/HeadingBlockEditor.tsx(7,79): error TS6305: Output file 'D:/Websites/nextblock-monorepo/dist/out-tsc/libs/ui/src/index.d.ts' has not been built from source file 'D:/Websites/nextblock-monorepo/libs/ui/src/index.ts'.
apps/nextblock/app/cms/blocks/editors/ImageBlockEditor.tsx(6,23): error TS6305: Output file 'D:/Websites/nextblock-monorepo/dist/out-tsc/libs/ui/src/index.d.ts' has not been built from source file 'D:/Websites/nextblock-monorepo/libs/ui/src/index.ts'.
apps/nextblock/app/cms/blocks/editors/ImageBlockEditor.tsx(7,23): error TS6305: Output file 'D:/Websites/nextblock-monorepo/dist/out-tsc/libs/ui/src/index.d.ts' has not been built from source file 'D:/Websites/nextblock-monorepo/libs/ui/src/index.ts'.
apps/nextblock/app/cms/blocks/editors/ImageBlockEditor.tsx(8,24): error TS6305: Output file 'D:/Websites/nextblock-monorepo/dist/out-tsc/libs/ui/src/index.d.ts' has not been built from source file 'D:/Websites/nextblock-monorepo/libs/ui/src/index.ts'.
apps/nextblock/app/cms/blocks/editors/ImageBlockEditor.tsx(9,31): error TS6305: Output file 'D:/Websites/nextblock-monorepo/dist/out-tsc/libs/db/src/index.d.ts' has not been built from source file 'D:/Websites/nextblock-monorepo/libs/db/src/index.ts'.
apps/nextblock/app/cms/blocks/editors/PostsGridBlockEditor.tsx(4,23): error TS6305: Output file 'D:/Websites/nextblock-monorepo/dist/out-tsc/libs/ui/src/index.d.ts' has not been built from source file 'D:/Websites/nextblock-monorepo/libs/ui/src/index.ts'.
apps/nextblock/app/cms/blocks/editors/PostsGridBlockEditor.tsx(5,23): error TS6305: Output file 'D:/Websites/nextblock-monorepo/dist/out-tsc/libs/ui/src/index.d.ts' has not been built from source file 'D:/Websites/nextblock-monorepo/libs/ui/src/index.ts'.
apps/nextblock/app/cms/blocks/editors/PostsGridBlockEditor.tsx(40,22): error TS7006: Parameter 'e' implicitly has an 'any' type.
apps/nextblock/app/cms/blocks/editors/PostsGridBlockEditor.tsx(51,22): error TS7006: Parameter 'e' implicitly has an 'any' type.
apps/nextblock/app/cms/blocks/editors/PostsGridBlockEditor.tsx(62,22): error TS7006: Parameter 'e' implicitly has an 'any' type.
apps/nextblock/app/cms/blocks/editors/TextBlockEditor.tsx(7,23): error TS6305: Output file 'D:/Websites/nextblock-monorepo/dist/out-tsc/libs/ui/src/index.d.ts' has not been built from source file 'D:/Websites/nextblock-monorepo/libs/ui/src/index.ts'.
apps/nextblock/app/cms/blocks/editors/TextBlockEditor.tsx(19,16): error TS6305: Output file 'D:/Websites/nextblock-monorepo/dist/out-tsc/libs/editor/src/index.d.ts' has not been built from source file 'D:/Websites/nextblock-monorepo/libs/editor/src/index.ts'.
apps/nextblock/app/cms/blocks/editors/VideoEmbedBlockEditor.tsx(4,23): error TS6305: Output file 'D:/Websites/nextblock-monorepo/dist/out-tsc/libs/ui/src/index.d.ts' has not been built from source file 'D:/Websites/nextblock-monorepo/libs/ui/src/index.ts'.
apps/nextblock/app/cms/blocks/editors/VideoEmbedBlockEditor.tsx(5,23): error TS6305: Output file 'D:/Websites/nextblock-monorepo/dist/out-tsc/libs/ui/src/index.d.ts' has not been built from source file 'D:/Websites/nextblock-monorepo/libs/ui/src/index.ts'.
apps/nextblock/app/cms/blocks/editors/VideoEmbedBlockEditor.tsx(6,26): error TS6305: Output file 'D:/Websites/nextblock-monorepo/dist/out-tsc/libs/ui/src/index.d.ts' has not been built from source file 'D:/Websites/nextblock-monorepo/libs/ui/src/index.ts'.
apps/nextblock/app/cms/blocks/editors/VideoEmbedBlockEditor.tsx(30,22): error TS7006: Parameter 'e' implicitly has an 'any' type.
apps/nextblock/app/cms/blocks/editors/VideoEmbedBlockEditor.tsx(40,22): error TS7006: Parameter 'e' implicitly has an 'any' type.
apps/nextblock/app/cms/blocks/editors/VideoEmbedBlockEditor.tsx(49,29): error TS7006: Parameter 'checked' implicitly has an 'any' type.
apps/nextblock/app/cms/blocks/editors/VideoEmbedBlockEditor.tsx(58,29): error TS7006: Parameter 'checked' implicitly has an 'any' type.
apps/nextblock/app/cms/CmsClientLayout.tsx(12,24): error TS6305: Output file 'D:/Websites/nextblock-monorepo/dist/out-tsc/libs/ui/src/index.d.ts' has not been built from source file 'D:/Websites/nextblock-monorepo/libs/ui/src/index.ts'.
apps/nextblock/app/cms/CmsClientLayout.tsx(13,53): error TS6305: Output file 'D:/Websites/nextblock-monorepo/dist/out-tsc/libs/ui/src/index.d.ts' has not been built from source file 'D:/Websites/nextblock-monorepo/libs/ui/src/index.ts'.
apps/nextblock/app/cms/CmsClientLayout.tsx(14,20): error TS6305: Output file 'D:/Websites/nextblock-monorepo/libs/utils/src/index.d.ts' has not been built from source file 'D:/Websites/nextblock-monorepo/libs/utils/src/index.ts'.
apps/nextblock/app/cms/components/ConfirmationModal.tsx(11,8): error TS6305: Output file 'D:/Websites/nextblock-monorepo/dist/out-tsc/libs/ui/src/index.d.ts' has not been built from source file 'D:/Websites/nextblock-monorepo/libs/ui/src/index.ts'.
apps/nextblock/app/cms/components/ConfirmationModal.tsx(12,24): error TS6305: Output file 'D:/Websites/nextblock-monorepo/dist/out-tsc/libs/ui/src/index.d.ts' has not been built from source file 'D:/Websites/nextblock-monorepo/libs/ui/src/index.ts'.
apps/nextblock/app/cms/components/ContentLanguageSwitcher.tsx(5,30): error TS6305: Output file 'D:/Websites/nextblock-monorepo/dist/out-tsc/libs/db/src/index.d.ts' has not been built from source file 'D:/Websites/nextblock-monorepo/libs/db/src/index.ts'.
apps/nextblock/app/cms/components/ContentLanguageSwitcher.tsx(7,24): error TS6305: Output file 'D:/Websites/nextblock-monorepo/dist/out-tsc/libs/ui/src/index.d.ts' has not been built from source file 'D:/Websites/nextblock-monorepo/libs/ui/src/index.ts'.
apps/nextblock/app/cms/components/ContentLanguageSwitcher.tsx(9,31): error TS6305: Output file 'D:/Websites/nextblock-monorepo/dist/out-tsc/libs/db/src/index.d.ts' has not been built from source file 'D:/Websites/nextblock-monorepo/libs/db/src/index.ts'.
apps/nextblock/app/cms/components/ContentLanguageSwitcher.tsx(17,8): error TS6305: Output file 'D:/Websites/nextblock-monorepo/dist/out-tsc/libs/ui/src/index.d.ts' has not been built from source file 'D:/Websites/nextblock-monorepo/libs/ui/src/index.ts'.
apps/nextblock/app/cms/components/ContentLanguageSwitcher.tsx(18,20): error TS6305: Output file 'D:/Websites/nextblock-monorepo/libs/utils/src/index.d.ts' has not been built from source file 'D:/Websites/nextblock-monorepo/libs/utils/src/index.ts'.
apps/nextblock/app/cms/components/ContentLanguageSwitcher.tsx(67,45): error TS7006: Parameter 'item' implicitly has an 'any' type.
apps/nextblock/app/cms/components/CopyContentFromLanguage.tsx(4,24): error TS6305: Output file 'D:/Websites/nextblock-monorepo/dist/out-tsc/libs/ui/src/index.d.ts' has not been built from source file 'D:/Websites/nextblock-monorepo/libs/ui/src/index.ts'.
apps/nextblock/app/cms/components/CopyContentFromLanguage.tsx(14,8): error TS6305: Output file 'D:/Websites/nextblock-monorepo/dist/out-tsc/libs/ui/src/index.d.ts' has not been built from source file 'D:/Websites/nextblock-monorepo/libs/ui/src/index.ts'.
apps/nextblock/app/cms/components/CopyContentFromLanguage.tsx(21,8): error TS6305: Output file 'D:/Websites/nextblock-monorepo/dist/out-tsc/libs/ui/src/index.d.ts' has not been built from source file 'D:/Websites/nextblock-monorepo/libs/ui/src/index.ts'.
apps/nextblock/app/cms/components/CopyContentFromLanguage.tsx(22,23): error TS6305: Output file 'D:/Websites/nextblock-monorepo/dist/out-tsc/libs/ui/src/index.d.ts' has not been built from source file 'D:/Websites/nextblock-monorepo/libs/ui/src/index.ts'.
apps/nextblock/app/cms/components/CopyContentFromLanguage.tsx(24,31): error TS6305: Output file 'D:/Websites/nextblock-monorepo/dist/out-tsc/libs/db/src/index.d.ts' has not been built from source file 'D:/Websites/nextblock-monorepo/libs/db/src/index.ts'.
apps/nextblock/app/cms/components/CopyContentFromLanguage.tsx(151,31): error TS7006: Parameter 'value' implicitly has an 'any' type.
apps/nextblock/app/cms/components/LanguageFilterSelect.tsx(12,8): error TS6305: Output file 'D:/Websites/nextblock-monorepo/dist/out-tsc/libs/ui/src/index.d.ts' has not been built from source file 'D:/Websites/nextblock-monorepo/libs/ui/src/index.ts'.
apps/nextblock/app/cms/components/LanguageFilterSelect.tsx(13,31): error TS6305: Output file 'D:/Websites/nextblock-monorepo/dist/out-tsc/libs/db/src/index.d.ts' has not been built from source file 'D:/Websites/nextblock-monorepo/libs/db/src/index.ts'.
apps/nextblock/app/cms/dashboard/page.tsx(1,75): error TS6305: Output file 'D:/Websites/nextblock-monorepo/dist/out-tsc/libs/ui/src/index.d.ts' has not been built from source file 'D:/Websites/nextblock-monorepo/libs/ui/src/index.ts'.
apps/nextblock/app/cms/media/[id]/edit/page.tsx(3,30): error TS6305: Output file 'D:/Websites/nextblock-monorepo/dist/out-tsc/libs/db/src/server.d.ts' has not been built from source file 'D:/Websites/nextblock-monorepo/libs/db/src/server.ts'.
apps/nextblock/app/cms/media/[id]/edit/page.tsx(6,31): error TS6305: Output file 'D:/Websites/nextblock-monorepo/dist/out-tsc/libs/db/src/index.d.ts' has not been built from source file 'D:/Websites/nextblock-monorepo/libs/db/src/index.ts'.
apps/nextblock/app/cms/media/[id]/edit/page.tsx(12,24): error TS6305: Output file 'D:/Websites/nextblock-monorepo/dist/out-tsc/libs/ui/src/index.d.ts' has not been built from source file 'D:/Websites/nextblock-monorepo/libs/ui/src/index.ts'.
apps/nextblock/app/cms/media/actions.ts(4,30): error TS6305: Output file 'D:/Websites/nextblock-monorepo/dist/out-tsc/libs/db/src/server.d.ts' has not been built from source file 'D:/Websites/nextblock-monorepo/libs/db/src/server.ts'.
apps/nextblock/app/cms/media/actions.ts(6,31): error TS6305: Output file 'D:/Websites/nextblock-monorepo/dist/out-tsc/libs/db/src/index.d.ts' has not been built from source file 'D:/Websites/nextblock-monorepo/libs/db/src/index.ts'.
apps/nextblock/app/cms/media/actions.ts(7,33): error TS6305: Output file 'D:/Websites/nextblock-monorepo/libs/utils/src/server.d.ts' has not been built from source file 'D:/Websites/nextblock-monorepo/libs/utils/src/server.ts'.
apps/nextblock/app/cms/media/actions.ts(205,42): error TS6305: Output file 'D:/Websites/nextblock-monorepo/libs/utils/src/server.d.ts' has not been built from source file 'D:/Websites/nextblock-monorepo/libs/utils/src/server.ts'.
apps/nextblock/app/cms/media/actions.ts(259,40): error TS6305: Output file 'D:/Websites/nextblock-monorepo/libs/utils/src/server.d.ts' has not been built from source file 'D:/Websites/nextblock-monorepo/libs/utils/src/server.ts'.
apps/nextblock/app/cms/media/actions.ts(286,87): error TS7006: Parameter 'e' implicitly has an 'any' type.
apps/nextblock/app/cms/media/actions.ts(349,40): error TS6305: Output file 'D:/Websites/nextblock-monorepo/libs/utils/src/server.d.ts' has not been built from source file 'D:/Websites/nextblock-monorepo/libs/utils/src/server.ts'.
apps/nextblock/app/cms/media/actions.ts(463,58): error TS7006: Parameter 'o' implicitly has an 'any' type.
apps/nextblock/app/cms/media/components/DeleteMediaButtonClient.tsx(5,34): error TS6305: Output file 'D:/Websites/nextblock-monorepo/dist/out-tsc/libs/ui/src/index.d.ts' has not been built from source file 'D:/Websites/nextblock-monorepo/libs/ui/src/index.ts'.
apps/nextblock/app/cms/media/components/DeleteMediaButtonClient.tsx(7,31): error TS6305: Output file 'D:/Websites/nextblock-monorepo/dist/out-tsc/libs/db/src/index.d.ts' has not been built from source file 'D:/Websites/nextblock-monorepo/libs/db/src/index.ts'.
apps/nextblock/app/cms/media/components/FolderNavigator.tsx(5,38): error TS6305: Output file 'D:/Websites/nextblock-monorepo/dist/out-tsc/libs/ui/src/index.d.ts' has not been built from source file 'D:/Websites/nextblock-monorepo/libs/ui/src/index.ts'.
apps/nextblock/app/cms/media/components/FolderNavigator.tsx(239,43): error TS7006: Parameter 'e' implicitly has an 'any' type.
apps/nextblock/app/cms/media/components/FolderTree.tsx(5,24): error TS6305: Output file 'D:/Websites/nextblock-monorepo/dist/out-tsc/libs/ui/src/index.d.ts' has not been built from source file 'D:/Websites/nextblock-monorepo/libs/ui/src/index.ts'.
apps/nextblock/app/cms/media/components/MediaEditForm.tsx(7,24): error TS6305: Output file 'D:/Websites/nextblock-monorepo/dist/out-tsc/libs/ui/src/index.d.ts' has not been built from source file 'D:/Websites/nextblock-monorepo/libs/ui/src/index.ts'.
apps/nextblock/app/cms/media/components/MediaEditForm.tsx(8,23): error TS6305: Output file 'D:/Websites/nextblock-monorepo/dist/out-tsc/libs/ui/src/index.d.ts' has not been built from source file 'D:/Websites/nextblock-monorepo/libs/ui/src/index.ts'.
apps/nextblock/app/cms/media/components/MediaEditForm.tsx(9,23): error TS6305: Output file 'D:/Websites/nextblock-monorepo/dist/out-tsc/libs/ui/src/index.d.ts' has not been built from source file 'D:/Websites/nextblock-monorepo/libs/ui/src/index.ts'.
apps/nextblock/app/cms/media/components/MediaEditForm.tsx(10,26): error TS6305: Output file 'D:/Websites/nextblock-monorepo/dist/out-tsc/libs/ui/src/index.d.ts' has not been built from source file 'D:/Websites/nextblock-monorepo/libs/ui/src/index.ts'.
apps/nextblock/app/cms/media/components/MediaEditForm.tsx(11,31): error TS6305: Output file 'D:/Websites/nextblock-monorepo/dist/out-tsc/libs/db/src/index.d.ts' has not been built from source file 'D:/Websites/nextblock-monorepo/libs/db/src/index.ts'.
apps/nextblock/app/cms/media/components/MediaEditForm.tsx(122,24): error TS7006: Parameter 'e' implicitly has an 'any' type.
apps/nextblock/app/cms/media/components/MediaEditForm.tsx(134,24): error TS7006: Parameter 'e' implicitly has an 'any' type.
apps/nextblock/app/cms/media/components/MediaGridClient.tsx(4,31): error TS6305: Output file 'D:/Websites/nextblock-monorepo/dist/out-tsc/libs/db/src/index.d.ts' has not been built from source file 'D:/Websites/nextblock-monorepo/libs/db/src/index.ts'.
apps/nextblock/app/cms/media/components/MediaGridClient.tsx(5,24): error TS6305: Output file 'D:/Websites/nextblock-monorepo/dist/out-tsc/libs/ui/src/index.d.ts' has not been built from source file 'D:/Websites/nextblock-monorepo/libs/ui/src/index.ts'.
apps/nextblock/app/cms/media/components/MediaGridClient.tsx(6,80): error TS6305: Output file 'D:/Websites/nextblock-monorepo/dist/out-tsc/libs/ui/src/index.d.ts' has not been built from source file 'D:/Websites/nextblock-monorepo/libs/ui/src/index.ts'.
apps/nextblock/app/cms/media/components/MediaGridClient.tsx(7,26): error TS6305: Output file 'D:/Websites/nextblock-monorepo/dist/out-tsc/libs/ui/src/index.d.ts' has not been built from source file 'D:/Websites/nextblock-monorepo/libs/ui/src/index.ts'.
apps/nextblock/app/cms/media/components/MediaGridClient.tsx(10,26): error TS6305: Output file 'D:/Websites/nextblock-monorepo/dist/out-tsc/libs/ui/src/index.d.ts' has not been built from source file 'D:/Websites/nextblock-monorepo/libs/ui/src/index.ts'.
apps/nextblock/app/cms/media/components/MediaGridClient.tsx(19,8): error TS6305: Output file 'D:/Websites/nextblock-monorepo/dist/out-tsc/libs/ui/src/index.d.ts' has not been built from source file 'D:/Websites/nextblock-monorepo/libs/ui/src/index.ts'.
apps/nextblock/app/cms/media/components/MediaGridClient.tsx(159,52): error TS7006: Parameter 'open' implicitly has an 'any' type.
apps/nextblock/app/cms/media/components/MediaGridClient.tsx(223,37): error TS7006: Parameter 'checked' implicitly has an 'any' type.
apps/nextblock/app/cms/media/components/MediaImage.tsx(6,20): error TS6305: Output file 'D:/Websites/nextblock-monorepo/libs/utils/src/index.d.ts' has not been built from source file 'D:/Websites/nextblock-monorepo/libs/utils/src/index.ts'.
apps/nextblock/app/cms/media/components/MediaPickerDialog.tsx(4,31): error TS6305: Output file 'D:/Websites/nextblock-monorepo/dist/out-tsc/libs/db/src/index.d.ts' has not been built from source file 'D:/Websites/nextblock-monorepo/libs/db/src/index.ts'.
apps/nextblock/app/cms/media/components/MediaPickerDialog.tsx(5,53): error TS6305: Output file 'D:/Websites/nextblock-monorepo/dist/out-tsc/libs/db/src/index.d.ts' has not been built from source file 'D:/Websites/nextblock-monorepo/libs/db/src/index.ts'.
apps/nextblock/app/cms/media/components/MediaPickerDialog.tsx(17,8): error TS6305: Output file 'D:/Websites/nextblock-monorepo/dist/out-tsc/libs/ui/src/index.d.ts' has not been built from source file 'D:/Websites/nextblock-monorepo/libs/ui/src/index.ts'.
apps/nextblock/app/cms/media/components/MediaPickerDialog.tsx(129,26): error TS7006: Parameter 'e' implicitly has an 'any' type.
apps/nextblock/app/cms/media/components/MediaUploadForm.tsx(6,24): error TS6305: Output file 'D:/Websites/nextblock-monorepo/dist/out-tsc/libs/ui/src/index.d.ts' has not been built from source file 'D:/Websites/nextblock-monorepo/libs/ui/src/index.ts'.
apps/nextblock/app/cms/media/components/MediaUploadForm.tsx(7,23): error TS6305: Output file 'D:/Websites/nextblock-monorepo/dist/out-tsc/libs/ui/src/index.d.ts' has not been built from source file 'D:/Websites/nextblock-monorepo/libs/ui/src/index.ts'.
apps/nextblock/app/cms/media/components/MediaUploadForm.tsx(8,23): error TS6305: Output file 'D:/Websites/nextblock-monorepo/dist/out-tsc/libs/ui/src/index.d.ts' has not been built from source file 'D:/Websites/nextblock-monorepo/libs/ui/src/index.ts'.
apps/nextblock/app/cms/media/components/MediaUploadForm.tsx(9,26): error TS6305: Output file 'D:/Websites/nextblock-monorepo/dist/out-tsc/libs/ui/src/index.d.ts' has not been built from source file 'D:/Websites/nextblock-monorepo/libs/ui/src/index.ts'.
apps/nextblock/app/cms/media/components/MediaUploadForm.tsx(12,31): error TS6305: Output file 'D:/Websites/nextblock-monorepo/dist/out-tsc/libs/db/src/index.d.ts' has not been built from source file 'D:/Websites/nextblock-monorepo/libs/db/src/index.ts'.
apps/nextblock/app/cms/media/components/MediaUploadForm.tsx(294,28): error TS7006: Parameter 'e' implicitly has an 'any' type.
apps/nextblock/app/cms/media/page.tsx(3,30): error TS6305: Output file 'D:/Websites/nextblock-monorepo/dist/out-tsc/libs/db/src/server.d.ts' has not been built from source file 'D:/Websites/nextblock-monorepo/libs/db/src/server.ts'.
apps/nextblock/app/cms/media/page.tsx(5,31): error TS6305: Output file 'D:/Websites/nextblock-monorepo/dist/out-tsc/libs/db/src/index.d.ts' has not been built from source file 'D:/Websites/nextblock-monorepo/libs/db/src/index.ts'.
apps/nextblock/app/cms/navigation/[id]/edit/page.tsx(3,30): error TS6305: Output file 'D:/Websites/nextblock-monorepo/dist/out-tsc/libs/db/src/server.d.ts' has not been built from source file 'D:/Websites/nextblock-monorepo/libs/db/src/server.ts'.
apps/nextblock/app/cms/navigation/[id]/edit/page.tsx(7,31): error TS6305: Output file 'D:/Websites/nextblock-monorepo/dist/out-tsc/libs/db/src/index.d.ts' has not been built from source file 'D:/Websites/nextblock-monorepo/libs/db/src/index.ts'.
apps/nextblock/app/cms/navigation/[id]/edit/page.tsx(12,24): error TS6305: Output file 'D:/Websites/nextblock-monorepo/dist/out-tsc/libs/ui/src/index.d.ts' has not been built from source file 'D:/Websites/nextblock-monorepo/libs/ui/src/index.ts'.
apps/nextblock/app/cms/navigation/actions.ts(4,30): error TS6305: Output file 'D:/Websites/nextblock-monorepo/dist/out-tsc/libs/db/src/server.d.ts' has not been built from source file 'D:/Websites/nextblock-monorepo/libs/db/src/server.ts'.
apps/nextblock/app/cms/navigation/actions.ts(7,31): error TS6305: Output file 'D:/Websites/nextblock-monorepo/dist/out-tsc/libs/db/src/index.d.ts' has not been built from source file 'D:/Websites/nextblock-monorepo/libs/db/src/index.ts'.
apps/nextblock/app/cms/navigation/actions.ts(357,28): error TS7006: Parameter 'item' implicitly has an 'any' type.
apps/nextblock/app/cms/navigation/components/DeleteNavItemButton.tsx(4,34): error TS6305: Output file 'D:/Websites/nextblock-monorepo/dist/out-tsc/libs/ui/src/index.d.ts' has not been built from source file 'D:/Websites/nextblock-monorepo/libs/ui/src/index.ts'.
apps/nextblock/app/cms/navigation/components/DeleteNavItemButton.tsx(35,20): error TS7006: Parameter 'e' implicitly has an 'any' type.
apps/nextblock/app/cms/navigation/components/NavigationItemForm.tsx(6,24): error TS6305: Output file 'D:/Websites/nextblock-monorepo/dist/out-tsc/libs/ui/src/index.d.ts' has not been built from source file 'D:/Websites/nextblock-monorepo/libs/ui/src/index.ts'.
apps/nextblock/app/cms/navigation/components/NavigationItemForm.tsx(7,23): error TS6305: Output file 'D:/Websites/nextblock-monorepo/dist/out-tsc/libs/ui/src/index.d.ts' has not been built from source file 'D:/Websites/nextblock-monorepo/libs/ui/src/index.ts'.
apps/nextblock/app/cms/navigation/components/NavigationItemForm.tsx(8,23): error TS6305: Output file 'D:/Websites/nextblock-monorepo/dist/out-tsc/libs/ui/src/index.d.ts' has not been built from source file 'D:/Websites/nextblock-monorepo/libs/ui/src/index.ts'.
apps/nextblock/app/cms/navigation/components/NavigationItemForm.tsx(15,8): error TS6305: Output file 'D:/Websites/nextblock-monorepo/dist/out-tsc/libs/ui/src/index.d.ts' has not been built from source file 'D:/Websites/nextblock-monorepo/libs/ui/src/index.ts'.
apps/nextblock/app/cms/navigation/components/NavigationItemForm.tsx(16,31): error TS6305: Output file 'D:/Websites/nextblock-monorepo/dist/out-tsc/libs/db/src/index.d.ts' has not been built from source file 'D:/Websites/nextblock-monorepo/libs/db/src/index.ts'.
apps/nextblock/app/cms/navigation/components/NavigationItemForm.tsx(158,65): error TS7006: Parameter 'e' implicitly has an 'any' type.
apps/nextblock/app/cms/navigation/components/NavigationItemForm.tsx(175,59): error TS7006: Parameter 'e' implicitly has an 'any' type.
apps/nextblock/app/cms/navigation/components/NavigationItemForm.tsx(182,29): error TS7006: Parameter 'val' implicitly has an 'any' type.
apps/nextblock/app/cms/navigation/components/NavigationItemForm.tsx(206,29): error TS7006: Parameter 'val' implicitly has an 'any' type.
apps/nextblock/app/cms/navigation/components/NavigationItemForm.tsx(223,79): error TS7006: Parameter 'e' implicitly has an 'any' type.
apps/nextblock/app/cms/navigation/components/NavigationLanguageSwitcher.tsx(5,30): error TS6305: Output file 'D:/Websites/nextblock-monorepo/dist/out-tsc/libs/db/src/index.d.ts' has not been built from source file 'D:/Websites/nextblock-monorepo/libs/db/src/index.ts'.
apps/nextblock/app/cms/navigation/components/NavigationLanguageSwitcher.tsx(7,24): error TS6305: Output file 'D:/Websites/nextblock-monorepo/dist/out-tsc/libs/ui/src/index.d.ts' has not been built from source file 'D:/Websites/nextblock-monorepo/libs/ui/src/index.ts'.
apps/nextblock/app/cms/navigation/components/NavigationLanguageSwitcher.tsx(9,31): error TS6305: Output file 'D:/Websites/nextblock-monorepo/dist/out-tsc/libs/db/src/index.d.ts' has not been built from source file 'D:/Websites/nextblock-monorepo/libs/db/src/index.ts'.
apps/nextblock/app/cms/navigation/components/NavigationLanguageSwitcher.tsx(17,8): error TS6305: Output file 'D:/Websites/nextblock-monorepo/dist/out-tsc/libs/ui/src/index.d.ts' has not been built from source file 'D:/Websites/nextblock-monorepo/libs/ui/src/index.ts'.
apps/nextblock/app/cms/navigation/components/NavigationLanguageSwitcher.tsx(18,20): error TS6305: Output file 'D:/Websites/nextblock-monorepo/libs/utils/src/index.d.ts' has not been built from source file 'D:/Websites/nextblock-monorepo/libs/utils/src/index.ts'.
apps/nextblock/app/cms/navigation/components/NavigationLanguageSwitcher.tsx(62,45): error TS7006: Parameter 'item' implicitly has an 'any' type.
apps/nextblock/app/cms/navigation/components/NavigationMenuDnd.tsx(34,8): error TS6305: Output file 'D:/Websites/nextblock-monorepo/dist/out-tsc/libs/ui/src/index.d.ts' has not been built from source file 'D:/Websites/nextblock-monorepo/libs/ui/src/index.ts'.
apps/nextblock/app/cms/navigation/components/NavigationMenuDnd.tsx(35,24): error TS6305: Output file 'D:/Websites/nextblock-monorepo/dist/out-tsc/libs/ui/src/index.d.ts' has not been built from source file 'D:/Websites/nextblock-monorepo/libs/ui/src/index.ts'.
apps/nextblock/app/cms/navigation/components/NavigationMenuDnd.tsx(37,31): error TS6305: Output file 'D:/Websites/nextblock-monorepo/dist/out-tsc/libs/db/src/index.d.ts' has not been built from source file 'D:/Websites/nextblock-monorepo/libs/db/src/index.ts'.
apps/nextblock/app/cms/navigation/components/NavigationMenuDnd.tsx(43,23): error TS6305: Output file 'D:/Websites/nextblock-monorepo/dist/out-tsc/libs/ui/src/index.d.ts' has not been built from source file 'D:/Websites/nextblock-monorepo/libs/ui/src/index.ts'.
apps/nextblock/app/cms/navigation/components/NavigationMenuDnd.tsx(160,7): error TS2353: Object literal may only specify known properties, and 'order' does not exist in type 'HierarchicalNavItem'.
apps/nextblock/app/cms/navigation/components/NavigationMenuDnd.tsx(238,29): error TS2339: Property 'parent_id' does not exist on type 'HierarchicalNavItem'.
apps/nextblock/app/cms/navigation/components/NavigationMenuDnd.tsx(239,72): error TS2339: Property 'parent_id' does not exist on type 'HierarchicalNavItem'.
apps/nextblock/app/cms/navigation/components/NavigationMenuDnd.tsx(267,60): error TS2339: Property 'parent_id' does not exist on type 'HierarchicalNavItem'.
apps/nextblock/app/cms/navigation/components/NavigationMenuDnd.tsx(267,114): error TS2339: Property 'parent_id' does not exist on type 'HierarchicalNavItem'.
apps/nextblock/app/cms/navigation/components/NavigationMenuDnd.tsx(329,44): error TS2339: Property 'parent_id' does not exist on type 'HierarchicalNavItem'.
apps/nextblock/app/cms/navigation/components/NavigationMenuDnd.tsx(329,91): error TS2339: Property 'parent_id' does not exist on type 'HierarchicalNavItem'.
apps/nextblock/app/cms/navigation/components/NavigationMenuDnd.tsx(347,34): error TS2339: Property 'parent_id' does not exist on type 'HierarchicalNavItem'.
apps/nextblock/app/cms/navigation/components/NavigationMenuDnd.tsx(347,90): error TS2339: Property 'parent_id' does not exist on type 'HierarchicalNavItem'.
apps/nextblock/app/cms/navigation/components/NavigationMenuDnd.tsx(348,73): error TS2339: Property 'parent_id' does not exist on type 'HierarchicalNavItem'.
apps/nextblock/app/cms/navigation/components/NavigationMenuDnd.tsx(361,37): error TS2339: Property 'parent_id' does not exist on type 'HierarchicalNavItem'.
apps/nextblock/app/cms/navigation/components/NavigationMenuDnd.tsx(362,69): error TS2339: Property 'parent_id' does not exist on type 'HierarchicalNavItem'.
apps/nextblock/app/cms/navigation/components/NavigationMenuDnd.tsx(367,55): error TS2339: Property 'parent_id' does not exist on type 'HierarchicalNavItem'.
apps/nextblock/app/cms/navigation/components/NavigationMenuDnd.tsx(379,122): error TS2339: Property 'parent_id' does not exist on type 'HierarchicalNavItem'.
apps/nextblock/app/cms/navigation/components/NavigationMenuDnd.tsx(434,46): error TS2339: Property 'parent_id' does not exist on type 'HierarchicalNavItem'.
apps/nextblock/app/cms/navigation/components/NavigationMenuDnd.tsx(446,67): error TS2339: Property 'parent_id' does not exist on type 'HierarchicalNavItem'.
apps/nextblock/app/cms/navigation/components/NavigationMenuDnd.tsx(456,63): error TS2339: Property 'parent_id' does not exist on type 'HierarchicalNavItem'.
apps/nextblock/app/cms/navigation/components/NavigationMenuDnd.tsx(516,44): error TS2339: Property 'parent_id' does not exist on type 'HierarchicalNavItem'.
apps/nextblock/app/cms/navigation/components/NavigationMenuDnd.tsx(541,19): error TS2339: Property 'order' does not exist on type 'HierarchicalNavItem'.
apps/nextblock/app/cms/navigation/components/NavigationMenuDnd.tsx(542,23): error TS2339: Property 'parent_id' does not exist on type 'HierarchicalNavItem'.
apps/nextblock/app/cms/navigation/components/NavigationMenuDnd.tsx(577,38): error TS2339: Property 'parent_id' does not exist on type 'HierarchicalNavItem'.
apps/nextblock/app/cms/navigation/components/NavigationMenuDnd.tsx(663,123): error TS2339: Property 'parent_id' does not exist on type 'HierarchicalNavItem'.
apps/nextblock/app/cms/navigation/components/NavigationMenuDnd.tsx(683,86): error TS2339: Property 'label' does not exist on type 'HierarchicalNavItem'.
apps/nextblock/app/cms/navigation/components/NavigationMenuDnd.tsx(686,139): error TS2339: Property 'url' does not exist on type 'HierarchicalNavItem'.
apps/nextblock/app/cms/navigation/components/NavigationMenuDnd.tsx(686,175): error TS2339: Property 'url' does not exist on type 'HierarchicalNavItem'.
apps/nextblock/app/cms/navigation/components/NavigationMenuDnd.tsx(687,105): error TS2339: Property 'order' does not exist on type 'HierarchicalNavItem'.
apps/nextblock/app/cms/navigation/components/NavigationMenuDnd.tsx(688,113): error TS2339: Property 'label' does not exist on type 'HierarchicalNavItem'.
apps/nextblock/app/cms/navigation/components/SortableNavItem.tsx(7,37): error TS6305: Output file 'D:/Websites/nextblock-monorepo/dist/out-tsc/libs/ui/src/index.d.ts' has not been built from source file 'D:/Websites/nextblock-monorepo/libs/ui/src/index.ts'.
apps/nextblock/app/cms/navigation/components/SortableNavItem.tsx(8,24): error TS6305: Output file 'D:/Websites/nextblock-monorepo/dist/out-tsc/libs/ui/src/index.d.ts' has not been built from source file 'D:/Websites/nextblock-monorepo/libs/ui/src/index.ts'.
apps/nextblock/app/cms/navigation/components/SortableNavItem.tsx(9,23): error TS6305: Output file 'D:/Websites/nextblock-monorepo/dist/out-tsc/libs/ui/src/index.d.ts' has not been built from source file 'D:/Websites/nextblock-monorepo/libs/ui/src/index.ts'.
apps/nextblock/app/cms/navigation/components/SortableNavItem.tsx(17,8): error TS6305: Output file 'D:/Websites/nextblock-monorepo/dist/out-tsc/libs/ui/src/index.d.ts' has not been built from source file 'D:/Websites/nextblock-monorepo/libs/ui/src/index.ts'.
apps/nextblock/app/cms/navigation/components/SortableNavItem.tsx(19,31): error TS6305: Output file 'D:/Websites/nextblock-monorepo/dist/out-tsc/libs/db/src/index.d.ts' has not been built from source file 'D:/Websites/nextblock-monorepo/libs/db/src/index.ts'.
apps/nextblock/app/cms/navigation/components/SortableNavItem.tsx(69,47): error TS2339: Property 'label' does not exist on type 'HierarchicalNavItem'.
apps/nextblock/app/cms/navigation/components/SortableNavItem.tsx(72,100): error TS2339: Property 'url' does not exist on type 'HierarchicalNavItem'.
apps/nextblock/app/cms/navigation/components/SortableNavItem.tsx(73,15): error TS2339: Property 'url' does not exist on type 'HierarchicalNavItem'.
apps/nextblock/app/cms/navigation/components/SortableNavItem.tsx(75,66): error TS2339: Property 'order' does not exist on type 'HierarchicalNavItem'.
apps/nextblock/app/cms/navigation/components/SortableNavItem.tsx(83,64): error TS2339: Property 'label' does not exist on type 'HierarchicalNavItem'.
apps/nextblock/app/cms/navigation/page.tsx(2,30): error TS6305: Output file 'D:/Websites/nextblock-monorepo/dist/out-tsc/libs/db/src/server.d.ts' has not been built from source file 'D:/Websites/nextblock-monorepo/libs/db/src/server.ts'.
apps/nextblock/app/cms/navigation/page.tsx(4,24): error TS6305: Output file 'D:/Websites/nextblock-monorepo/dist/out-tsc/libs/ui/src/index.d.ts' has not been built from source file 'D:/Websites/nextblock-monorepo/libs/ui/src/index.ts'.
apps/nextblock/app/cms/navigation/page.tsx(6,31): error TS6305: Output file 'D:/Websites/nextblock-monorepo/dist/out-tsc/libs/db/src/index.d.ts' has not been built from source file 'D:/Websites/nextblock-monorepo/libs/db/src/index.ts'.
apps/nextblock/app/cms/navigation/page.tsx(7,46): error TS6305: Output file 'D:/Websites/nextblock-monorepo/dist/out-tsc/libs/db/src/server.d.ts' has not been built from source file 'D:/Websites/nextblock-monorepo/libs/db/src/server.ts'.
apps/nextblock/app/cms/navigation/page.tsx(82,52): error TS7006: Parameter 'l' implicitly has an 'any' type.
apps/nextblock/app/cms/navigation/utils.ts(4,30): error TS6305: Output file 'D:/Websites/nextblock-monorepo/dist/out-tsc/libs/db/src/server.d.ts' has not been built from source file 'D:/Websites/nextblock-monorepo/libs/db/src/server.ts'.
apps/nextblock/app/cms/pages/[id]/edit/EditPageClient.tsx(5,27): error TS6305: Output file 'D:/Websites/nextblock-monorepo/dist/out-tsc/libs/ui/src/index.d.ts' has not been built from source file 'D:/Websites/nextblock-monorepo/libs/ui/src/index.ts'.
apps/nextblock/app/cms/pages/[id]/edit/EditPageClient.tsx(6,24): error TS6305: Output file 'D:/Websites/nextblock-monorepo/dist/out-tsc/libs/ui/src/index.d.ts' has not been built from source file 'D:/Websites/nextblock-monorepo/libs/ui/src/index.ts'.
apps/nextblock/app/cms/pages/[id]/edit/EditPageClient.tsx(14,31): error TS6305: Output file 'D:/Websites/nextblock-monorepo/dist/out-tsc/libs/db/src/index.d.ts' has not been built from source file 'D:/Websites/nextblock-monorepo/libs/db/src/index.ts'.
apps/nextblock/app/cms/pages/[id]/edit/EditPageClient.tsx(42,56): error TS2339: Property 'slug' does not exist on type 'PageWithBlocks'.
apps/nextblock/app/cms/pages/[id]/edit/EditPageClient.tsx(60,29): error TS2339: Property 'title' does not exist on type 'PageWithBlocks'.
apps/nextblock/app/cms/pages/[id]/edit/EditPageClient.tsx(62,23): error TS2339: Property 'title' does not exist on type 'PageWithBlocks'.
apps/nextblock/app/cms/pages/[id]/edit/EditPageClient.tsx(81,41): error TS2551: Property 'language_id' does not exist on type 'PageWithBlocks'. Did you mean 'language_code'?
apps/nextblock/app/cms/pages/[id]/edit/EditPageClient.tsx(112,28): error TS2339: Property 'id' does not exist on type 'PageWithBlocks'.
apps/nextblock/app/cms/pages/[id]/edit/EditPageClient.tsx(115,30): error TS2551: Property 'language_id' does not exist on type 'PageWithBlocks'. Did you mean 'language_code'?
apps/nextblock/app/cms/pages/[id]/edit/page.tsx(3,30): error TS6305: Output file 'D:/Websites/nextblock-monorepo/dist/out-tsc/libs/db/src/server.d.ts' has not been built from source file 'D:/Websites/nextblock-monorepo/libs/db/src/server.ts'.
apps/nextblock/app/cms/pages/[id]/edit/page.tsx(5,31): error TS6305: Output file 'D:/Websites/nextblock-monorepo/dist/out-tsc/libs/db/src/index.d.ts' has not been built from source file 'D:/Websites/nextblock-monorepo/libs/db/src/index.ts'.
apps/nextblock/app/cms/pages/[id]/edit/page.tsx(11,46): error TS6305: Output file 'D:/Websites/nextblock-monorepo/dist/out-tsc/libs/db/src/server.d.ts' has not been built from source file 'D:/Websites/nextblock-monorepo/libs/db/src/server.ts'.
apps/nextblock/app/cms/pages/actions.ts(4,30): error TS6305: Output file 'D:/Websites/nextblock-monorepo/dist/out-tsc/libs/db/src/server.d.ts' has not been built from source file 'D:/Websites/nextblock-monorepo/libs/db/src/server.ts'.
apps/nextblock/app/cms/pages/actions.ts(7,31): error TS6305: Output file 'D:/Websites/nextblock-monorepo/dist/out-tsc/libs/db/src/index.d.ts' has not been built from source file 'D:/Websites/nextblock-monorepo/libs/db/src/index.ts'.
apps/nextblock/app/cms/pages/actions.ts(11,33): error TS6305: Output file 'D:/Websites/nextblock-monorepo/libs/utils/src/server.d.ts' has not been built from source file 'D:/Websites/nextblock-monorepo/libs/utils/src/server.ts'.
apps/nextblock/app/cms/pages/actions.ts(191,36): error TS7006: Parameter 'p' implicitly has an 'any' type.
apps/nextblock/app/cms/pages/actions.ts(191,57): error TS7006: Parameter 's' implicitly has an 'any' type.
apps/nextblock/app/cms/pages/actions.ts(193,41): error TS7006: Parameter 'slug' implicitly has an 'any' type.
apps/nextblock/app/cms/pages/actions.ts(221,26): error TS7006: Parameter 'p' implicitly has an 'any' type.
apps/nextblock/app/cms/pages/components/DeletePageButtonClient.tsx(5,34): error TS6305: Output file 'D:/Websites/nextblock-monorepo/dist/out-tsc/libs/ui/src/index.d.ts' has not been built from source file 'D:/Websites/nextblock-monorepo/libs/ui/src/index.ts'.
apps/nextblock/app/cms/pages/components/DeletePageButtonClient.tsx(29,20): error TS7006: Parameter 'e' implicitly has an 'any' type.
apps/nextblock/app/cms/pages/components/PageForm.tsx(6,24): error TS6305: Output file 'D:/Websites/nextblock-monorepo/dist/out-tsc/libs/ui/src/index.d.ts' has not been built from source file 'D:/Websites/nextblock-monorepo/libs/ui/src/index.ts'.
apps/nextblock/app/cms/pages/components/PageForm.tsx(7,23): error TS6305: Output file 'D:/Websites/nextblock-monorepo/dist/out-tsc/libs/ui/src/index.d.ts' has not been built from source file 'D:/Websites/nextblock-monorepo/libs/ui/src/index.ts'.
apps/nextblock/app/cms/pages/components/PageForm.tsx(8,23): error TS6305: Output file 'D:/Websites/nextblock-monorepo/dist/out-tsc/libs/ui/src/index.d.ts' has not been built from source file 'D:/Websites/nextblock-monorepo/libs/ui/src/index.ts'.
apps/nextblock/app/cms/pages/components/PageForm.tsx(15,8): error TS6305: Output file 'D:/Websites/nextblock-monorepo/dist/out-tsc/libs/ui/src/index.d.ts' has not been built from source file 'D:/Websites/nextblock-monorepo/libs/ui/src/index.ts'.
apps/nextblock/app/cms/pages/components/PageForm.tsx(16,26): error TS6305: Output file 'D:/Websites/nextblock-monorepo/dist/out-tsc/libs/ui/src/index.d.ts' has not been built from source file 'D:/Websites/nextblock-monorepo/libs/ui/src/index.ts'.
apps/nextblock/app/cms/pages/components/PageForm.tsx(17,31): error TS6305: Output file 'D:/Websites/nextblock-monorepo/dist/out-tsc/libs/db/src/index.d.ts' has not been built from source file 'D:/Websites/nextblock-monorepo/libs/db/src/index.ts'.
apps/nextblock/app/cms/pages/components/PageForm.tsx(162,22): error TS7006: Parameter 'e' implicitly has an 'any' type.
apps/nextblock/app/cms/pages/components/PageForm.tsx(200,27): error TS7006: Parameter 'value' implicitly has an 'any' type.
apps/nextblock/app/cms/pages/components/PageForm.tsx(220,22): error TS7006: Parameter 'e' implicitly has an 'any' type.
apps/nextblock/app/cms/pages/components/PageForm.tsx(231,22): error TS7006: Parameter 'e' implicitly has an 'any' type.
apps/nextblock/app/cms/pages/new/page.tsx(4,30): error TS6305: Output file 'D:/Websites/nextblock-monorepo/dist/out-tsc/libs/db/src/server.d.ts' has not been built from source file 'D:/Websites/nextblock-monorepo/libs/db/src/server.ts'.
apps/nextblock/app/cms/pages/new/page.tsx(5,31): error TS6305: Output file 'D:/Websites/nextblock-monorepo/dist/out-tsc/libs/db/src/index.d.ts' has not been built from source file 'D:/Websites/nextblock-monorepo/libs/db/src/index.ts'.
apps/nextblock/app/cms/pages/page.tsx(3,30): error TS6305: Output file 'D:/Websites/nextblock-monorepo/dist/out-tsc/libs/db/src/server.d.ts' has not been built from source file 'D:/Websites/nextblock-monorepo/libs/db/src/server.ts'.
apps/nextblock/app/cms/pages/page.tsx(5,24): error TS6305: Output file 'D:/Websites/nextblock-monorepo/dist/out-tsc/libs/ui/src/index.d.ts' has not been built from source file 'D:/Websites/nextblock-monorepo/libs/ui/src/index.ts'.
apps/nextblock/app/cms/pages/page.tsx(13,8): error TS6305: Output file 'D:/Websites/nextblock-monorepo/dist/out-tsc/libs/ui/src/index.d.ts' has not been built from source file 'D:/Websites/nextblock-monorepo/libs/ui/src/index.ts'.
apps/nextblock/app/cms/pages/page.tsx(14,23): error TS6305: Output file 'D:/Websites/nextblock-monorepo/dist/out-tsc/libs/ui/src/index.d.ts' has not been built from source file 'D:/Websites/nextblock-monorepo/libs/ui/src/index.ts'.
apps/nextblock/app/cms/pages/page.tsx(27,8): error TS6305: Output file 'D:/Websites/nextblock-monorepo/dist/out-tsc/libs/ui/src/index.d.ts' has not been built from source file 'D:/Websites/nextblock-monorepo/libs/ui/src/index.ts'.
apps/nextblock/app/cms/pages/page.tsx(29,31): error TS6305: Output file 'D:/Websites/nextblock-monorepo/dist/out-tsc/libs/db/src/index.d.ts' has not been built from source file 'D:/Websites/nextblock-monorepo/libs/db/src/index.ts'.
apps/nextblock/app/cms/pages/page.tsx(30,46): error TS6305: Output file 'D:/Websites/nextblock-monorepo/dist/out-tsc/libs/db/src/server.d.ts' has not been built from source file 'D:/Websites/nextblock-monorepo/libs/db/src/server.ts'.
apps/nextblock/app/cms/pages/page.tsx(41,42): error TS7006: Parameter 'l' implicitly has an 'any' type.
apps/nextblock/app/cms/pages/page.tsx(60,25): error TS7006: Parameter 'p' implicitly has an 'any' type.
apps/nextblock/app/cms/pages/page.tsx(66,37): error TS2339: Property 'toUpperCase' does not exist on type '{}'.
apps/nextblock/app/cms/pages/page.tsx(87,26): error TS7006: Parameter 'l' implicitly has an 'any' type.
apps/nextblock/app/cms/posts/[id]/edit/page.tsx(3,27): error TS6305: Output file 'D:/Websites/nextblock-monorepo/dist/out-tsc/libs/ui/src/index.d.ts' has not been built from source file 'D:/Websites/nextblock-monorepo/libs/ui/src/index.ts'.
apps/nextblock/app/cms/posts/[id]/edit/page.tsx(4,30): error TS6305: Output file 'D:/Websites/nextblock-monorepo/dist/out-tsc/libs/db/src/server.d.ts' has not been built from source file 'D:/Websites/nextblock-monorepo/libs/db/src/server.ts'.
apps/nextblock/app/cms/posts/[id]/edit/page.tsx(7,31): error TS6305: Output file 'D:/Websites/nextblock-monorepo/dist/out-tsc/libs/db/src/index.d.ts' has not been built from source file 'D:/Websites/nextblock-monorepo/libs/db/src/index.ts'.
apps/nextblock/app/cms/posts/[id]/edit/page.tsx(15,24): error TS6305: Output file 'D:/Websites/nextblock-monorepo/dist/out-tsc/libs/ui/src/index.d.ts' has not been built from source file 'D:/Websites/nextblock-monorepo/libs/ui/src/index.ts'.
apps/nextblock/app/cms/posts/[id]/edit/page.tsx(18,46): error TS6305: Output file 'D:/Websites/nextblock-monorepo/dist/out-tsc/libs/db/src/server.d.ts' has not been built from source file 'D:/Websites/nextblock-monorepo/libs/db/src/server.ts'.
apps/nextblock/app/cms/posts/actions.ts(4,30): error TS6305: Output file 'D:/Websites/nextblock-monorepo/dist/out-tsc/libs/db/src/server.d.ts' has not been built from source file 'D:/Websites/nextblock-monorepo/libs/db/src/server.ts'.
apps/nextblock/app/cms/posts/actions.ts(7,31): error TS6305: Output file 'D:/Websites/nextblock-monorepo/dist/out-tsc/libs/db/src/index.d.ts' has not been built from source file 'D:/Websites/nextblock-monorepo/libs/db/src/index.ts'.
apps/nextblock/app/cms/posts/actions.ts(11,33): error TS6305: Output file 'D:/Websites/nextblock-monorepo/libs/utils/src/server.d.ts' has not been built from source file 'D:/Websites/nextblock-monorepo/libs/utils/src/server.ts'.
apps/nextblock/app/cms/posts/actions.ts(251,43): error TS7006: Parameter 'p' implicitly has an 'any' type.
apps/nextblock/app/cms/posts/actions.ts(277,26): error TS7006: Parameter 'p' implicitly has an 'any' type.
apps/nextblock/app/cms/posts/components/DeletePostButtonClient.tsx(5,34): error TS6305: Output file 'D:/Websites/nextblock-monorepo/dist/out-tsc/libs/ui/src/index.d.ts' has not been built from source file 'D:/Websites/nextblock-monorepo/libs/ui/src/index.ts'.
apps/nextblock/app/cms/posts/components/PostForm.tsx(7,24): error TS6305: Output file 'D:/Websites/nextblock-monorepo/dist/out-tsc/libs/ui/src/index.d.ts' has not been built from source file 'D:/Websites/nextblock-monorepo/libs/ui/src/index.ts'.
apps/nextblock/app/cms/posts/components/PostForm.tsx(8,23): error TS6305: Output file 'D:/Websites/nextblock-monorepo/dist/out-tsc/libs/ui/src/index.d.ts' has not been built from source file 'D:/Websites/nextblock-monorepo/libs/ui/src/index.ts'.
apps/nextblock/app/cms/posts/components/PostForm.tsx(9,23): error TS6305: Output file 'D:/Websites/nextblock-monorepo/dist/out-tsc/libs/ui/src/index.d.ts' has not been built from source file 'D:/Websites/nextblock-monorepo/libs/ui/src/index.ts'.
apps/nextblock/app/cms/posts/components/PostForm.tsx(16,8): error TS6305: Output file 'D:/Websites/nextblock-monorepo/dist/out-tsc/libs/ui/src/index.d.ts' has not been built from source file 'D:/Websites/nextblock-monorepo/libs/ui/src/index.ts'.
apps/nextblock/app/cms/posts/components/PostForm.tsx(17,26): error TS6305: Output file 'D:/Websites/nextblock-monorepo/dist/out-tsc/libs/ui/src/index.d.ts' has not been built from source file 'D:/Websites/nextblock-monorepo/libs/ui/src/index.ts'.
apps/nextblock/app/cms/posts/components/PostForm.tsx(26,8): error TS6305: Output file 'D:/Websites/nextblock-monorepo/dist/out-tsc/libs/ui/src/index.d.ts' has not been built from source file 'D:/Websites/nextblock-monorepo/libs/ui/src/index.ts'.
apps/nextblock/app/cms/posts/components/PostForm.tsx(27,31): error TS6305: Output file 'D:/Websites/nextblock-monorepo/dist/out-tsc/libs/db/src/index.d.ts' has not been built from source file 'D:/Websites/nextblock-monorepo/libs/db/src/index.ts'.
apps/nextblock/app/cms/posts/components/PostForm.tsx(38,27): error TS6305: Output file 'D:/Websites/nextblock-monorepo/dist/out-tsc/libs/ui/src/index.d.ts' has not been built from source file 'D:/Websites/nextblock-monorepo/libs/ui/src/index.ts'.
apps/nextblock/app/cms/posts/components/PostForm.tsx(242,62): error TS7006: Parameter 'e' implicitly has an 'any' type.
apps/nextblock/app/cms/posts/components/PostForm.tsx(263,74): error TS7006: Parameter 'e' implicitly has an 'any' type.
apps/nextblock/app/cms/posts/components/PostForm.tsx(268,62): error TS7006: Parameter 'value' implicitly has an 'any' type.
apps/nextblock/app/cms/posts/components/PostForm.tsx(285,22): error TS7006: Parameter 'e' implicitly has an 'any' type.
apps/nextblock/app/cms/posts/components/PostForm.tsx(293,79): error TS7006: Parameter 'e' implicitly has an 'any' type.
apps/nextblock/app/cms/posts/components/PostForm.tsx(298,100): error TS7006: Parameter 'e' implicitly has an 'any' type.
apps/nextblock/app/cms/posts/page.tsx(3,30): error TS6305: Output file 'D:/Websites/nextblock-monorepo/dist/out-tsc/libs/db/src/server.d.ts' has not been built from source file 'D:/Websites/nextblock-monorepo/libs/db/src/server.ts'.
apps/nextblock/app/cms/posts/page.tsx(5,24): error TS6305: Output file 'D:/Websites/nextblock-monorepo/dist/out-tsc/libs/ui/src/index.d.ts' has not been built from source file 'D:/Websites/nextblock-monorepo/libs/ui/src/index.ts'.
apps/nextblock/app/cms/posts/page.tsx(13,8): error TS6305: Output file 'D:/Websites/nextblock-monorepo/dist/out-tsc/libs/ui/src/index.d.ts' has not been built from source file 'D:/Websites/nextblock-monorepo/libs/ui/src/index.ts'.
apps/nextblock/app/cms/posts/page.tsx(14,23): error TS6305: Output file 'D:/Websites/nextblock-monorepo/dist/out-tsc/libs/ui/src/index.d.ts' has not been built from source file 'D:/Websites/nextblock-monorepo/libs/ui/src/index.ts'.
apps/nextblock/app/cms/posts/page.tsx(22,8): error TS6305: Output file 'D:/Websites/nextblock-monorepo/dist/out-tsc/libs/ui/src/index.d.ts' has not been built from source file 'D:/Websites/nextblock-monorepo/libs/ui/src/index.ts'.
apps/nextblock/app/cms/posts/page.tsx(24,31): error TS6305: Output file 'D:/Websites/nextblock-monorepo/dist/out-tsc/libs/db/src/index.d.ts' has not been built from source file 'D:/Websites/nextblock-monorepo/libs/db/src/index.ts'.
apps/nextblock/app/cms/posts/page.tsx(25,46): error TS6305: Output file 'D:/Websites/nextblock-monorepo/dist/out-tsc/libs/db/src/server.d.ts' has not been built from source file 'D:/Websites/nextblock-monorepo/libs/db/src/server.ts'.
apps/nextblock/app/cms/posts/page.tsx(34,41): error TS7006: Parameter 'l' implicitly has an 'any' type.
apps/nextblock/app/cms/posts/page.tsx(53,24): error TS7006: Parameter 'p' implicitly has an 'any' type.
apps/nextblock/app/cms/posts/page.tsx(57,82): error TS2339: Property 'toUpperCase' does not exist on type '{}'.
apps/nextblock/app/cms/posts/page.tsx(73,60): error TS7006: Parameter 'l' implicitly has an 'any' type.
apps/nextblock/app/cms/revisions/actions.ts(4,30): error TS6305: Output file 'D:/Websites/nextblock-monorepo/dist/out-tsc/libs/db/src/server.d.ts' has not been built from source file 'D:/Websites/nextblock-monorepo/libs/db/src/server.ts'.
apps/nextblock/app/cms/revisions/RevisionHistoryButton.tsx(5,24): error TS6305: Output file 'D:/Websites/nextblock-monorepo/dist/out-tsc/libs/ui/src/index.d.ts' has not been built from source file 'D:/Websites/nextblock-monorepo/libs/ui/src/index.ts'.
apps/nextblock/app/cms/revisions/RevisionHistoryButton.tsx(12,8): error TS6305: Output file 'D:/Websites/nextblock-monorepo/dist/out-tsc/libs/ui/src/index.d.ts' has not been built from source file 'D:/Websites/nextblock-monorepo/libs/ui/src/index.ts'.
apps/nextblock/app/cms/revisions/service.ts(4,30): error TS6305: Output file 'D:/Websites/nextblock-monorepo/dist/out-tsc/libs/db/src/server.d.ts' has not been built from source file 'D:/Websites/nextblock-monorepo/libs/db/src/server.ts'.
apps/nextblock/app/cms/revisions/service.ts(5,27): error TS6305: Output file 'D:/Websites/nextblock-monorepo/dist/out-tsc/libs/db/src/index.d.ts' has not been built from source file 'D:/Websites/nextblock-monorepo/libs/db/src/index.ts'.
apps/nextblock/app/cms/revisions/utils.ts(2,30): error TS6305: Output file 'D:/Websites/nextblock-monorepo/dist/out-tsc/libs/db/src/server.d.ts' has not been built from source file 'D:/Websites/nextblock-monorepo/libs/db/src/server.ts'.
apps/nextblock/app/cms/revisions/utils.ts(3,37): error TS6305: Output file 'D:/Websites/nextblock-monorepo/dist/out-tsc/libs/db/src/index.d.ts' has not been built from source file 'D:/Websites/nextblock-monorepo/libs/db/src/index.ts'.
apps/nextblock/app/cms/revisions/utils.ts(59,13): error TS7006: Parameter 'b' implicitly has an 'any' type.
apps/nextblock/app/cms/revisions/utils.ts(60,10): error TS7006: Parameter 'b' implicitly has an 'any' type.
apps/nextblock/app/cms/revisions/utils.ts(102,13): error TS7006: Parameter 'b' implicitly has an 'any' type.
apps/nextblock/app/cms/revisions/utils.ts(103,10): error TS7006: Parameter 'b' implicitly has an 'any' type.
apps/nextblock/app/cms/settings/copyright/actions.ts(4,30): error TS6305: Output file 'D:/Websites/nextblock-monorepo/dist/out-tsc/libs/db/src/server.d.ts' has not been built from source file 'D:/Websites/nextblock-monorepo/libs/db/src/server.ts'.
apps/nextblock/app/cms/settings/copyright/components/CopyrightForm.tsx(4,31): error TS6305: Output file 'D:/Websites/nextblock-monorepo/dist/out-tsc/libs/db/src/index.d.ts' has not been built from source file 'D:/Websites/nextblock-monorepo/libs/db/src/index.ts'.
apps/nextblock/app/cms/settings/copyright/components/CopyrightForm.tsx(8,23): error TS6305: Output file 'D:/Websites/nextblock-monorepo/dist/out-tsc/libs/ui/src/index.d.ts' has not been built from source file 'D:/Websites/nextblock-monorepo/libs/ui/src/index.ts'.
apps/nextblock/app/cms/settings/copyright/components/CopyrightForm.tsx(9,23): error TS6305: Output file 'D:/Websites/nextblock-monorepo/dist/out-tsc/libs/ui/src/index.d.ts' has not been built from source file 'D:/Websites/nextblock-monorepo/libs/ui/src/index.ts'.
apps/nextblock/app/cms/settings/copyright/components/CopyrightForm.tsx(10,24): error TS6305: Output file 'D:/Websites/nextblock-monorepo/dist/out-tsc/libs/ui/src/index.d.ts' has not been built from source file 'D:/Websites/nextblock-monorepo/libs/ui/src/index.ts'.
apps/nextblock/app/cms/settings/copyright/components/CopyrightForm.tsx(63,26): error TS7006: Parameter 'e' implicitly has an 'any' type.
apps/nextblock/app/cms/settings/copyright/page.tsx(5,75): error TS6305: Output file 'D:/Websites/nextblock-monorepo/dist/out-tsc/libs/ui/src/index.d.ts' has not been built from source file 'D:/Websites/nextblock-monorepo/libs/ui/src/index.ts'.
apps/nextblock/app/cms/settings/extra-translations/actions.ts(3,30): error TS6305: Output file 'D:/Websites/nextblock-monorepo/dist/out-tsc/libs/db/src/server.d.ts' has not been built from source file 'D:/Websites/nextblock-monorepo/libs/db/src/server.ts'.
apps/nextblock/app/cms/settings/extra-translations/page.tsx(7,24): error TS6305: Output file 'D:/Websites/nextblock-monorepo/dist/out-tsc/libs/ui/src/index.d.ts' has not been built from source file 'D:/Websites/nextblock-monorepo/libs/ui/src/index.ts'.
apps/nextblock/app/cms/settings/extra-translations/page.tsx(15,8): error TS6305: Output file 'D:/Websites/nextblock-monorepo/dist/out-tsc/libs/ui/src/index.d.ts' has not been built from source file 'D:/Websites/nextblock-monorepo/libs/ui/src/index.ts'.
apps/nextblock/app/cms/settings/extra-translations/page.tsx(16,23): error TS6305: Output file 'D:/Websites/nextblock-monorepo/dist/out-tsc/libs/ui/src/index.d.ts' has not been built from source file 'D:/Websites/nextblock-monorepo/libs/ui/src/index.ts'.
apps/nextblock/app/cms/settings/extra-translations/page.tsx(17,23): error TS6305: Output file 'D:/Websites/nextblock-monorepo/dist/out-tsc/libs/ui/src/index.d.ts' has not been built from source file 'D:/Websites/nextblock-monorepo/libs/ui/src/index.ts'.
apps/nextblock/app/cms/settings/extra-translations/page.tsx(25,8): error TS6305: Output file 'D:/Websites/nextblock-monorepo/dist/out-tsc/libs/ui/src/index.d.ts' has not been built from source file 'D:/Websites/nextblock-monorepo/libs/ui/src/index.ts'.
apps/nextblock/app/cms/settings/languages/[id]/edit/page.tsx(3,30): error TS6305: Output file 'D:/Websites/nextblock-monorepo/dist/out-tsc/libs/db/src/server.d.ts' has not been built from source file 'D:/Websites/nextblock-monorepo/libs/db/src/server.ts'.
apps/nextblock/app/cms/settings/languages/[id]/edit/page.tsx(6,31): error TS6305: Output file 'D:/Websites/nextblock-monorepo/dist/out-tsc/libs/db/src/index.d.ts' has not been built from source file 'D:/Websites/nextblock-monorepo/libs/db/src/index.ts'.
apps/nextblock/app/cms/settings/languages/[id]/edit/page.tsx(11,24): error TS6305: Output file 'D:/Websites/nextblock-monorepo/dist/out-tsc/libs/ui/src/index.d.ts' has not been built from source file 'D:/Websites/nextblock-monorepo/libs/ui/src/index.ts'.
apps/nextblock/app/cms/settings/languages/actions.ts(4,30): error TS6305: Output file 'D:/Websites/nextblock-monorepo/dist/out-tsc/libs/db/src/server.d.ts' has not been built from source file 'D:/Websites/nextblock-monorepo/libs/db/src/server.ts'.
apps/nextblock/app/cms/settings/languages/actions.ts(7,31): error TS6305: Output file 'D:/Websites/nextblock-monorepo/dist/out-tsc/libs/db/src/index.d.ts' has not been built from source file 'D:/Websites/nextblock-monorepo/libs/db/src/index.ts'.
apps/nextblock/app/cms/settings/languages/components/DeleteLanguageButton.tsx(3,34): error TS6305: Output file 'D:/Websites/nextblock-monorepo/dist/out-tsc/libs/ui/src/index.d.ts' has not been built from source file 'D:/Websites/nextblock-monorepo/libs/ui/src/index.ts'.
apps/nextblock/app/cms/settings/languages/components/DeleteLanguageButton.tsx(6,31): error TS6305: Output file 'D:/Websites/nextblock-monorepo/dist/out-tsc/libs/db/src/index.d.ts' has not been built from source file 'D:/Websites/nextblock-monorepo/libs/db/src/index.ts'.
apps/nextblock/app/cms/settings/languages/components/DeleteLanguageButton.tsx(55,20): error TS7006: Parameter 'e' implicitly has an 'any' type.
apps/nextblock/app/cms/settings/languages/components/LanguageForm.tsx(6,24): error TS6305: Output file 'D:/Websites/nextblock-monorepo/dist/out-tsc/libs/ui/src/index.d.ts' has not been built from source file 'D:/Websites/nextblock-monorepo/libs/ui/src/index.ts'.
apps/nextblock/app/cms/settings/languages/components/LanguageForm.tsx(7,23): error TS6305: Output file 'D:/Websites/nextblock-monorepo/dist/out-tsc/libs/ui/src/index.d.ts' has not been built from source file 'D:/Websites/nextblock-monorepo/libs/ui/src/index.ts'.
apps/nextblock/app/cms/settings/languages/components/LanguageForm.tsx(8,23): error TS6305: Output file 'D:/Websites/nextblock-monorepo/dist/out-tsc/libs/ui/src/index.d.ts' has not been built from source file 'D:/Websites/nextblock-monorepo/libs/ui/src/index.ts'.
apps/nextblock/app/cms/settings/languages/components/LanguageForm.tsx(9,26): error TS6305: Output file 'D:/Websites/nextblock-monorepo/dist/out-tsc/libs/ui/src/index.d.ts' has not been built from source file 'D:/Websites/nextblock-monorepo/libs/ui/src/index.ts'.
apps/nextblock/app/cms/settings/languages/components/LanguageForm.tsx(10,31): error TS6305: Output file 'D:/Websites/nextblock-monorepo/dist/out-tsc/libs/db/src/index.d.ts' has not been built from source file 'D:/Websites/nextblock-monorepo/libs/db/src/index.ts'.
apps/nextblock/app/cms/settings/languages/components/LanguageForm.tsx(100,22): error TS7006: Parameter 'e' implicitly has an 'any' type.
apps/nextblock/app/cms/settings/languages/components/LanguageForm.tsx(115,22): error TS7006: Parameter 'e' implicitly has an 'any' type.
apps/nextblock/app/cms/settings/languages/components/LanguageForm.tsx(127,29): error TS7006: Parameter 'checked' implicitly has an 'any' type.
apps/nextblock/app/cms/settings/languages/components/LanguageForm.tsx(143,29): error TS7006: Parameter 'checked' implicitly has an 'any' type.
apps/nextblock/app/cms/settings/languages/new/page.tsx(5,30): error TS6305: Output file 'D:/Websites/nextblock-monorepo/dist/out-tsc/libs/db/src/server.d.ts' has not been built from source file 'D:/Websites/nextblock-monorepo/libs/db/src/server.ts'.
apps/nextblock/app/cms/settings/languages/new/page.tsx(6,31): error TS6305: Output file 'D:/Websites/nextblock-monorepo/dist/out-tsc/libs/db/src/index.d.ts' has not been built from source file 'D:/Websites/nextblock-monorepo/libs/db/src/index.ts'.
apps/nextblock/app/cms/settings/languages/page.tsx(3,30): error TS6305: Output file 'D:/Websites/nextblock-monorepo/dist/out-tsc/libs/db/src/server.d.ts' has not been built from source file 'D:/Websites/nextblock-monorepo/libs/db/src/server.ts'.
apps/nextblock/app/cms/settings/languages/page.tsx(5,24): error TS6305: Output file 'D:/Websites/nextblock-monorepo/dist/out-tsc/libs/ui/src/index.d.ts' has not been built from source file 'D:/Websites/nextblock-monorepo/libs/ui/src/index.ts'.
apps/nextblock/app/cms/settings/languages/page.tsx(13,8): error TS6305: Output file 'D:/Websites/nextblock-monorepo/dist/out-tsc/libs/ui/src/index.d.ts' has not been built from source file 'D:/Websites/nextblock-monorepo/libs/ui/src/index.ts'.
apps/nextblock/app/cms/settings/languages/page.tsx(14,23): error TS6305: Output file 'D:/Websites/nextblock-monorepo/dist/out-tsc/libs/ui/src/index.d.ts' has not been built from source file 'D:/Websites/nextblock-monorepo/libs/ui/src/index.ts'.
apps/nextblock/app/cms/settings/languages/page.tsx(22,8): error TS6305: Output file 'D:/Websites/nextblock-monorepo/dist/out-tsc/libs/ui/src/index.d.ts' has not been built from source file 'D:/Websites/nextblock-monorepo/libs/ui/src/index.ts'.
apps/nextblock/app/cms/settings/languages/page.tsx(23,31): error TS6305: Output file 'D:/Websites/nextblock-monorepo/dist/out-tsc/libs/db/src/index.d.ts' has not been built from source file 'D:/Websites/nextblock-monorepo/libs/db/src/index.ts'.
apps/nextblock/app/cms/settings/logos/actions.ts(3,30): error TS6305: Output file 'D:/Websites/nextblock-monorepo/dist/out-tsc/libs/db/src/server.d.ts' has not been built from source file 'D:/Websites/nextblock-monorepo/libs/db/src/server.ts'.
apps/nextblock/app/cms/settings/logos/components/LogoForm.tsx(6,23): error TS6305: Output file 'D:/Websites/nextblock-monorepo/dist/out-tsc/libs/ui/src/index.d.ts' has not been built from source file 'D:/Websites/nextblock-monorepo/libs/ui/src/index.ts'.
apps/nextblock/app/cms/settings/logos/components/LogoForm.tsx(7,23): error TS6305: Output file 'D:/Websites/nextblock-monorepo/dist/out-tsc/libs/ui/src/index.d.ts' has not been built from source file 'D:/Websites/nextblock-monorepo/libs/ui/src/index.ts'.
apps/nextblock/app/cms/settings/logos/components/LogoForm.tsx(8,24): error TS6305: Output file 'D:/Websites/nextblock-monorepo/dist/out-tsc/libs/ui/src/index.d.ts' has not been built from source file 'D:/Websites/nextblock-monorepo/libs/ui/src/index.ts'.
apps/nextblock/app/cms/settings/logos/components/LogoForm.tsx(9,31): error TS6305: Output file 'D:/Websites/nextblock-monorepo/dist/out-tsc/libs/db/src/index.d.ts' has not been built from source file 'D:/Websites/nextblock-monorepo/libs/db/src/index.ts'.
apps/nextblock/app/cms/settings/logos/page.tsx(3,24): error TS6305: Output file 'D:/Websites/nextblock-monorepo/dist/out-tsc/libs/ui/src/index.d.ts' has not been built from source file 'D:/Websites/nextblock-monorepo/libs/ui/src/index.ts'.
apps/nextblock/app/cms/settings/logos/page.tsx(11,8): error TS6305: Output file 'D:/Websites/nextblock-monorepo/dist/out-tsc/libs/ui/src/index.d.ts' has not been built from source file 'D:/Websites/nextblock-monorepo/libs/ui/src/index.ts'.
apps/nextblock/app/cms/settings/logos/page.tsx(19,8): error TS6305: Output file 'D:/Websites/nextblock-monorepo/dist/out-tsc/libs/ui/src/index.d.ts' has not been built from source file 'D:/Websites/nextblock-monorepo/libs/ui/src/index.ts'.
apps/nextblock/app/cms/settings/logos/page.tsx(66,26): error TS7006: Parameter 'logo' implicitly has an 'any' type.
apps/nextblock/app/cms/settings/logos/types.ts(1,31): error TS6305: Output file 'D:/Websites/nextblock-monorepo/dist/out-tsc/libs/db/src/index.d.ts' has not been built from source file 'D:/Websites/nextblock-monorepo/libs/db/src/index.ts'.
apps/nextblock/app/cms/users/[id]/edit/page.tsx(2,30): error TS6305: Output file 'D:/Websites/nextblock-monorepo/dist/out-tsc/libs/db/src/server.d.ts' has not been built from source file 'D:/Websites/nextblock-monorepo/libs/db/src/server.ts'.
apps/nextblock/app/cms/users/[id]/edit/page.tsx(5,31): error TS6305: Output file 'D:/Websites/nextblock-monorepo/dist/out-tsc/libs/db/src/index.d.ts' has not been built from source file 'D:/Websites/nextblock-monorepo/libs/db/src/index.ts'.
apps/nextblock/app/cms/users/actions.ts(4,30): error TS6305: Output file 'D:/Websites/nextblock-monorepo/dist/out-tsc/libs/db/src/server.d.ts' has not been built from source file 'D:/Websites/nextblock-monorepo/libs/db/src/server.ts'.
apps/nextblock/app/cms/users/actions.ts(7,31): error TS6305: Output file 'D:/Websites/nextblock-monorepo/dist/out-tsc/libs/db/src/index.d.ts' has not been built from source file 'D:/Websites/nextblock-monorepo/libs/db/src/index.ts'.
apps/nextblock/app/cms/users/components/DeleteUserButton.tsx(5,34): error TS6305: Output file 'D:/Websites/nextblock-monorepo/dist/out-tsc/libs/ui/src/index.d.ts' has not been built from source file 'D:/Websites/nextblock-monorepo/libs/ui/src/index.ts'.
apps/nextblock/app/cms/users/components/DeleteUserButton.tsx(44,20): error TS7006: Parameter 'e' implicitly has an 'any' type.
apps/nextblock/app/cms/users/components/UserForm.tsx(6,24): error TS6305: Output file 'D:/Websites/nextblock-monorepo/dist/out-tsc/libs/ui/src/index.d.ts' has not been built from source file 'D:/Websites/nextblock-monorepo/libs/ui/src/index.ts'.
apps/nextblock/app/cms/users/components/UserForm.tsx(7,23): error TS6305: Output file 'D:/Websites/nextblock-monorepo/dist/out-tsc/libs/ui/src/index.d.ts' has not been built from source file 'D:/Websites/nextblock-monorepo/libs/ui/src/index.ts'.
apps/nextblock/app/cms/users/components/UserForm.tsx(8,23): error TS6305: Output file 'D:/Websites/nextblock-monorepo/dist/out-tsc/libs/ui/src/index.d.ts' has not been built from source file 'D:/Websites/nextblock-monorepo/libs/ui/src/index.ts'.
apps/nextblock/app/cms/users/components/UserForm.tsx(15,8): error TS6305: Output file 'D:/Websites/nextblock-monorepo/dist/out-tsc/libs/ui/src/index.d.ts' has not been built from source file 'D:/Websites/nextblock-monorepo/libs/ui/src/index.ts'.
apps/nextblock/app/cms/users/components/UserForm.tsx(16,31): error TS6305: Output file 'D:/Websites/nextblock-monorepo/dist/out-tsc/libs/db/src/index.d.ts' has not been built from source file 'D:/Websites/nextblock-monorepo/libs/db/src/index.ts'.
apps/nextblock/app/cms/users/components/UserForm.tsx(108,74): error TS7006: Parameter 'e' implicitly has an 'any' type.
apps/nextblock/app/cms/users/components/UserForm.tsx(113,76): error TS7006: Parameter 'e' implicitly has an 'any' type.
apps/nextblock/app/cms/users/components/UserForm.tsx(118,58): error TS7006: Parameter 'value' implicitly has an 'any' type.
apps/nextblock/app/cms/users/page.tsx(2,30): error TS6305: Output file 'D:/Websites/nextblock-monorepo/dist/out-tsc/libs/db/src/server.d.ts' has not been built from source file 'D:/Websites/nextblock-monorepo/libs/db/src/server.ts'.
apps/nextblock/app/cms/users/page.tsx(4,24): error TS6305: Output file 'D:/Websites/nextblock-monorepo/dist/out-tsc/libs/ui/src/index.d.ts' has not been built from source file 'D:/Websites/nextblock-monorepo/libs/ui/src/index.ts'.
apps/nextblock/app/cms/users/page.tsx(12,8): error TS6305: Output file 'D:/Websites/nextblock-monorepo/dist/out-tsc/libs/ui/src/index.d.ts' has not been built from source file 'D:/Websites/nextblock-monorepo/libs/ui/src/index.ts'.
apps/nextblock/app/cms/users/page.tsx(13,23): error TS6305: Output file 'D:/Websites/nextblock-monorepo/dist/out-tsc/libs/ui/src/index.d.ts' has not been built from source file 'D:/Websites/nextblock-monorepo/libs/ui/src/index.ts'.
apps/nextblock/app/cms/users/page.tsx(21,8): error TS6305: Output file 'D:/Websites/nextblock-monorepo/dist/out-tsc/libs/ui/src/index.d.ts' has not been built from source file 'D:/Websites/nextblock-monorepo/libs/ui/src/index.ts'.
apps/nextblock/app/cms/users/page.tsx(22,31): error TS6305: Output file 'D:/Websites/nextblock-monorepo/dist/out-tsc/libs/db/src/index.d.ts' has not been built from source file 'D:/Websites/nextblock-monorepo/libs/db/src/index.ts'.
apps/nextblock/app/cms/users/page.tsx(23,53): error TS6305: Output file 'D:/Websites/nextblock-monorepo/dist/out-tsc/libs/ui/src/index.d.ts' has not been built from source file 'D:/Websites/nextblock-monorepo/libs/ui/src/index.ts'.
apps/nextblock/app/cms/users/page.tsx(71,45): error TS7006: Parameter 'p' implicitly has an 'any' type.
apps/nextblock/app/layout.tsx(11,90): error TS6305: Output file 'D:/Websites/nextblock-monorepo/dist/out-tsc/libs/db/src/server.d.ts' has not been built from source file 'D:/Websites/nextblock-monorepo/libs/db/src/server.ts'.
apps/nextblock/app/layout.tsx(12,46): error TS6305: Output file 'D:/Websites/nextblock-monorepo/dist/out-tsc/libs/db/src/server.d.ts' has not been built from source file 'D:/Websites/nextblock-monorepo/libs/db/src/server.ts'.
apps/nextblock/app/layout.tsx(17,31): error TS6305: Output file 'D:/Websites/nextblock-monorepo/dist/out-tsc/libs/db/src/index.d.ts' has not been built from source file 'D:/Websites/nextblock-monorepo/libs/db/src/index.ts'.
apps/nextblock/app/lib/sitemap-utils.ts(1,30): error TS6305: Output file 'D:/Websites/nextblock-monorepo/dist/out-tsc/libs/db/src/server.d.ts' has not been built from source file 'D:/Websites/nextblock-monorepo/libs/db/src/server.ts'.
apps/nextblock/app/lib/sitemap-utils.ts(29,23): error TS7006: Parameter 'page' implicitly has an 'any' type.
apps/nextblock/app/lib/sitemap-utils.ts(60,23): error TS7006: Parameter 'post' implicitly has an 'any' type.
apps/nextblock/app/providers.tsx(7,38): error TS6305: Output file 'D:/Websites/nextblock-monorepo/libs/utils/src/index.d.ts' has not been built from source file 'D:/Websites/nextblock-monorepo/libs/utils/src/index.ts'.
apps/nextblock/components/BlockRenderer.tsx(4,31): error TS6305: Output file 'D:/Websites/nextblock-monorepo/dist/out-tsc/libs/db/src/index.d.ts' has not been built from source file 'D:/Websites/nextblock-monorepo/libs/db/src/index.ts'.
apps/nextblock/components/blocks/PostCardSkeleton.tsx(1,26): error TS6305: Output file 'D:/Websites/nextblock-monorepo/dist/out-tsc/libs/ui/src/index.d.ts' has not been built from source file 'D:/Websites/nextblock-monorepo/libs/ui/src/index.ts'.
apps/nextblock/components/blocks/PostsGridBlock.tsx(3,31): error TS6305: Output file 'D:/Websites/nextblock-monorepo/dist/out-tsc/libs/db/src/index.d.ts' has not been built from source file 'D:/Websites/nextblock-monorepo/libs/db/src/index.ts'.
apps/nextblock/components/blocks/PostsGridBlock.tsx(4,30): error TS6305: Output file 'D:/Websites/nextblock-monorepo/dist/out-tsc/libs/db/src/index.d.ts' has not been built from source file 'D:/Websites/nextblock-monorepo/libs/db/src/index.ts'.
apps/nextblock/components/blocks/PostsGridClient.tsx(5,31): error TS6305: Output file 'D:/Websites/nextblock-monorepo/dist/out-tsc/libs/db/src/index.d.ts' has not been built from source file 'D:/Websites/nextblock-monorepo/libs/db/src/index.ts'.
apps/nextblock/components/blocks/PostsGridClient.tsx(15,24): error TS6305: Output file 'D:/Websites/nextblock-monorepo/dist/out-tsc/libs/ui/src/index.d.ts' has not been built from source file 'D:/Websites/nextblock-monorepo/libs/ui/src/index.ts'.
apps/nextblock/components/blocks/renderers/FormBlockRenderer.tsx(7,23): error TS6305: Output file 'D:/Websites/nextblock-monorepo/dist/out-tsc/libs/ui/src/index.d.ts' has not been built from source file 'D:/Websites/nextblock-monorepo/libs/ui/src/index.ts'.
apps/nextblock/components/blocks/renderers/FormBlockRenderer.tsx(8,26): error TS6305: Output file 'D:/Websites/nextblock-monorepo/dist/out-tsc/libs/ui/src/index.d.ts' has not been built from source file 'D:/Websites/nextblock-monorepo/libs/ui/src/index.ts'.
apps/nextblock/components/blocks/renderers/FormBlockRenderer.tsx(9,23): error TS6305: Output file 'D:/Websites/nextblock-monorepo/dist/out-tsc/libs/ui/src/index.d.ts' has not been built from source file 'D:/Websites/nextblock-monorepo/libs/ui/src/index.ts'.
apps/nextblock/components/blocks/renderers/FormBlockRenderer.tsx(10,24): error TS6305: Output file 'D:/Websites/nextblock-monorepo/dist/out-tsc/libs/ui/src/index.d.ts' has not been built from source file 'D:/Websites/nextblock-monorepo/libs/ui/src/index.ts'.
apps/nextblock/components/blocks/renderers/FormBlockRenderer.tsx(11,26): error TS6305: Output file 'D:/Websites/nextblock-monorepo/dist/out-tsc/libs/ui/src/index.d.ts' has not been built from source file 'D:/Websites/nextblock-monorepo/libs/ui/src/index.ts'.
apps/nextblock/components/blocks/renderers/FormBlockRenderer.tsx(12,79): error TS6305: Output file 'D:/Websites/nextblock-monorepo/dist/out-tsc/libs/ui/src/index.d.ts' has not been built from source file 'D:/Websites/nextblock-monorepo/libs/ui/src/index.ts'.
apps/nextblock/components/blocks/renderers/PostsGridBlockRenderer.tsx(3,31): error TS6305: Output file 'D:/Websites/nextblock-monorepo/dist/out-tsc/libs/db/src/index.d.ts' has not been built from source file 'D:/Websites/nextblock-monorepo/libs/db/src/index.ts'.
apps/nextblock/components/blocks/TestimonialBlock.tsx(3,41): error TS6305: Output file 'D:/Websites/nextblock-monorepo/dist/out-tsc/libs/sdk/src/index.d.ts' has not been built from source file 'D:/Websites/nextblock-monorepo/libs/sdk/src/index.ts'.
apps/nextblock/components/blocks/TestimonialBlock.tsx(4,35): error TS6305: Output file 'D:/Websites/nextblock-monorepo/dist/out-tsc/libs/ui/src/index.d.ts' has not been built from source file 'D:/Websites/nextblock-monorepo/libs/ui/src/index.ts'.
apps/nextblock/components/blocks/TestimonialBlock.tsx(5,53): error TS6305: Output file 'D:/Websites/nextblock-monorepo/dist/out-tsc/libs/ui/src/index.d.ts' has not been built from source file 'D:/Websites/nextblock-monorepo/libs/ui/src/index.ts'.
apps/nextblock/components/blocks/types.ts(1,31): error TS6305: Output file 'D:/Websites/nextblock-monorepo/dist/out-tsc/libs/db/src/index.d.ts' has not been built from source file 'D:/Websites/nextblock-monorepo/libs/db/src/index.ts'.
apps/nextblock/components/env-var-warning.tsx(2,23): error TS6305: Output file 'D:/Websites/nextblock-monorepo/dist/out-tsc/libs/ui/src/index.d.ts' has not been built from source file 'D:/Websites/nextblock-monorepo/libs/ui/src/index.ts'.
apps/nextblock/components/env-var-warning.tsx(3,24): error TS6305: Output file 'D:/Websites/nextblock-monorepo/dist/out-tsc/libs/ui/src/index.d.ts' has not been built from source file 'D:/Websites/nextblock-monorepo/libs/ui/src/index.ts'.
apps/nextblock/components/FooterNavigation.tsx(2,31): error TS6305: Output file 'D:/Websites/nextblock-monorepo/dist/out-tsc/libs/db/src/index.d.ts' has not been built from source file 'D:/Websites/nextblock-monorepo/libs/db/src/index.ts'.
apps/nextblock/components/header-auth.tsx(4,34): error TS6305: Output file 'D:/Websites/nextblock-monorepo/libs/utils/src/index.d.ts' has not been built from source file 'D:/Websites/nextblock-monorepo/libs/utils/src/index.ts'.
apps/nextblock/components/header-auth.tsx(6,23): error TS6305: Output file 'D:/Websites/nextblock-monorepo/dist/out-tsc/libs/ui/src/index.d.ts' has not been built from source file 'D:/Websites/nextblock-monorepo/libs/ui/src/index.ts'.
apps/nextblock/components/header-auth.tsx(7,24): error TS6305: Output file 'D:/Websites/nextblock-monorepo/dist/out-tsc/libs/ui/src/index.d.ts' has not been built from source file 'D:/Websites/nextblock-monorepo/libs/ui/src/index.ts'.
apps/nextblock/components/header-auth.tsx(9,33): error TS6305: Output file 'D:/Websites/nextblock-monorepo/libs/utils/src/index.d.ts' has not been built from source file 'D:/Websites/nextblock-monorepo/libs/utils/src/index.ts'.
apps/nextblock/components/Header.tsx(2,31): error TS6305: Output file 'D:/Websites/nextblock-monorepo/dist/out-tsc/libs/db/src/index.d.ts' has not been built from source file 'D:/Websites/nextblock-monorepo/libs/db/src/index.ts'.
apps/nextblock/components/LanguageSwitcher.tsx(5,79): error TS6305: Output file 'D:/Websites/nextblock-monorepo/dist/out-tsc/libs/ui/src/index.d.ts' has not been built from source file 'D:/Websites/nextblock-monorepo/libs/ui/src/index.ts'.
apps/nextblock/components/ResponsiveNav.tsx(5,31): error TS6305: Output file 'D:/Websites/nextblock-monorepo/dist/out-tsc/libs/db/src/index.d.ts' has not been built from source file 'D:/Websites/nextblock-monorepo/libs/db/src/index.ts'.
apps/nextblock/components/ResponsiveNav.tsx(7,33): error TS6305: Output file 'D:/Websites/nextblock-monorepo/libs/utils/src/index.d.ts' has not been built from source file 'D:/Websites/nextblock-monorepo/libs/utils/src/index.ts'.
apps/nextblock/components/ResponsiveNav.tsx(184,22): error TS2339: Property 'id' does not exist on type 'HierarchicalNavigationItem'.
apps/nextblock/components/ResponsiveNav.tsx(190,24): error TS2339: Property 'url' does not exist on type 'HierarchicalNavigationItem'.
apps/nextblock/components/ResponsiveNav.tsx(196,19): error TS2339: Property 'label' does not exist on type 'HierarchicalNavigationItem'.
apps/nextblock/components/ResponsiveNav.tsx(204,64): error TS2339: Property 'id' does not exist on type 'HierarchicalNavigationItem'.
apps/nextblock/components/ResponsiveNav.tsx(205,54): error TS2339: Property 'label' does not exist on type 'HierarchicalNavigationItem'.
apps/nextblock/components/ResponsiveNav.tsx(208,49): error TS2339: Property 'id' does not exist on type 'HierarchicalNavigationItem'.
apps/nextblock/components/ResponsiveNav.tsx(212,130): error TS2339: Property 'id' does not exist on type 'HierarchicalNavigationItem'.
apps/nextblock/components/ResponsiveNav.tsx(216,87): error TS2339: Property 'id' does not exist on type 'HierarchicalNavigationItem'.
apps/nextblock/components/ResponsiveNav.tsx(227,22): error TS2339: Property 'id' does not exist on type 'HierarchicalNavigationItem'.
apps/nextblock/components/ResponsiveNav.tsx(229,22): error TS2339: Property 'url' does not exist on type 'HierarchicalNavigationItem'.
apps/nextblock/components/ResponsiveNav.tsx(232,17): error TS2339: Property 'label' does not exist on type 'HierarchicalNavigationItem'.
apps/nextblock/components/submit-button.tsx(3,24): error TS6305: Output file 'D:/Websites/nextblock-monorepo/dist/out-tsc/libs/ui/src/index.d.ts' has not been built from source file 'D:/Websites/nextblock-monorepo/libs/ui/src/index.ts'.
apps/nextblock/components/theme-switcher.tsx(3,24): error TS6305: Output file 'D:/Websites/nextblock-monorepo/dist/out-tsc/libs/ui/src/index.d.ts' has not been built from source file 'D:/Websites/nextblock-monorepo/libs/ui/src/index.ts'.
apps/nextblock/components/theme-switcher.tsx(10,8): error TS6305: Output file 'D:/Websites/nextblock-monorepo/dist/out-tsc/libs/ui/src/index.d.ts' has not been built from source file 'D:/Websites/nextblock-monorepo/libs/ui/src/index.ts'.
apps/nextblock/components/theme-switcher.tsx(14,33): error TS6305: Output file 'D:/Websites/nextblock-monorepo/libs/utils/src/index.d.ts' has not been built from source file 'D:/Websites/nextblock-monorepo/libs/utils/src/index.ts'.
apps/nextblock/components/theme-switcher.tsx(66,27): error TS7006: Parameter 'e' implicitly has an 'any' type.
apps/nextblock/context/AuthContext.tsx(6,91): error TS6305: Output file 'D:/Websites/nextblock-monorepo/dist/out-tsc/libs/db/src/index.d.ts' has not been built from source file 'D:/Websites/nextblock-monorepo/libs/db/src/index.ts'.
apps/nextblock/context/AuthContext.tsx(7,26): error TS6305: Output file 'D:/Websites/nextblock-monorepo/dist/out-tsc/libs/db/src/index.d.ts' has not been built from source file 'D:/Websites/nextblock-monorepo/libs/db/src/index.ts'.
apps/nextblock/context/LanguageContext.tsx(5,26): error TS6305: Output file 'D:/Websites/nextblock-monorepo/dist/out-tsc/libs/db/src/index.d.ts' has not been built from source file 'D:/Websites/nextblock-monorepo/libs/db/src/index.ts'.
apps/nextblock/context/LanguageContext.tsx(6,46): error TS6305: Output file 'D:/Websites/nextblock-monorepo/dist/out-tsc/libs/db/src/index.d.ts' has not been built from source file 'D:/Websites/nextblock-monorepo/libs/db/src/index.ts'.
apps/nextblock/context/LanguageContext.tsx(79,50): error TS7006: Parameter 'lang' implicitly has an 'any' type.
apps/nextblock/proxy.ts(3,31): error TS6305: Output file 'D:/Websites/nextblock-monorepo/dist/out-tsc/libs/db/src/index.d.ts' has not been built from source file 'D:/Websites/nextblock-monorepo/libs/db/src/index.ts'.
